<html>
<body>
<pre>
<h1>µVision Build Log</h1>
<h2>Tool Versions:</h2>
IDE-Version: ¦ÌVision V5.24.2.0
Copyright (C) 2017 ARM Ltd and ARM Germany GmbH. All rights reserved.
License Information: qqwwaa Microsoft, Microsoft, LIC=ZB4HL-04R1B-VEVHA-1PZ8J-GB9KG-3WE7B
 
Tool Versions:
Toolchain:       MDK-ARM Plus  Version: 5.24.1
Toolchain Path:  D:\MDK\ARM\ARMCLANG\Bin
C Compiler:      ArmClang.exe V6.7
Assembler:       Armasm.exe V6.7
Linker/Locator:  ArmLink.exe V6.7
Library Manager: ArmAr.exe V6.7
Hex Converter:   FromElf.exe V6.7
CPU DLL:         
Dialog DLL:      
Target DLL:      NULink\Nu_Link.dll V3.00
Dialog DLL:      TCM.DLL V1.32.0.0
 
<h2>Project:</h2>
C:\Users\Administrator\Desktop\Nuvoton_code\Nuvoton_M251\Project\NuvotonTos.uvprojx
Project File Date:  10/30/2019

<h2>Output:</h2>
*** Using Compiler 'V6.7', folder: 'D:\MDK\ARM\ARMCLANG\Bin'
Build target 'Target 1'
compiling Moto_deal.c...
linking...
Program Size: Code=8420 RO-data=552 RW-data=64 ZI-data=7744  
".\Objects\NuvotonTos.axf" - 0 Error(s), 0 Warning(s).

<h2>Software Packages used:</h2>

Package Vendor: ARM
                http://www.keil.com/pack/ARM.CMSIS.5.0.1.pack
                ARM.CMSIS.5.0.1
                CMSIS (Cortex Microcontroller Software Interface Standard)
   * Component: CORE Version: 5.0.1

Package Vendor: Nuvoton
                http://www.nuvoton.com/hq/enu/Documents/KEILSoftwarePack/Nuvoton.NuMicro_DFP.1.3.4.pack
                Nuvoton.NuMicro_DFP.1.3.4
                Nuvoton ARM Cortex-M NuMicro Family Device Support

<h2>Collection of Component include folders:</h2>
  .\RTE\_Target_1
  D:\MDK\ARM\PACK\ARM\CMSIS\5.0.1\CMSIS\Include
  D:\MDK\ARM\PACK\Nuvoton\NuMicro_DFP\1.3.4\Device\M251\Include

<h2>Collection of Component Files used:</h2>

   * Component: ARM::CMSIS:CORE:5.0.1
Build Time Elapsed:  00:00:02
</pre>
</body>
</html>
