Component: ARM Compiler 6.7 Tool: armlink [5c9ef700]

==============================================================================

Section Cross References

    system_m251.o(.text.SystemCoreClockUpdate) refers to clk.o(.text.CLK_GetPLLClockFreq) for CLK_GetPLLClockFreq
    system_m251.o(.text.SystemCoreClockUpdate) refers to system_m251.o(.data..L_MergedGlobals) for [Anonymous Symbol]
    system_m251.o(.text.SystemCoreClockUpdate) refers to system_m251.o(.rodata.gau32ClkSrcTbl) for gau32ClkSrcTbl
    system_m251.o(.ARM.exidx.text.SystemCoreClockUpdate) refers to system_m251.o(.text.SystemCoreClockUpdate) for [Anonymous Symbol]
    system_m251.o(.text.SystemInit) refers to startup_m251.o(RESET) for __Vectors
    system_m251.o(.ARM.exidx.text.SystemInit) refers to system_m251.o(.text.SystemInit) for [Anonymous Symbol]
    system_m251.o(.ARM.exidx.text.Uart0DefaultMPF) refers to system_m251.o(.text.Uart0DefaultMPF) for [Anonymous Symbol]
    system_m251.o(.text.SysTick_Handler) refers to tos_sys.o(.text.tos_knl_is_running) for tos_knl_is_running
    system_m251.o(.text.SysTick_Handler) refers to tos_sys.o(.text.tos_knl_irq_enter) for tos_knl_irq_enter
    system_m251.o(.text.SysTick_Handler) refers to tos_tick.o(.text.tos_tick_handler) for tos_tick_handler
    system_m251.o(.text.SysTick_Handler) refers to tos_sys.o(.text.tos_knl_irq_leave) for tos_knl_irq_leave
    system_m251.o(.ARM.exidx.text.SysTick_Handler) refers to system_m251.o(.text.SysTick_Handler) for [Anonymous Symbol]
    startup_m251.o(STACK) refers (Special) to heapauxi.o(.text) for __use_two_region_memory
    startup_m251.o(HEAP) refers (Special) to heapauxi.o(.text) for __use_two_region_memory
    startup_m251.o(RESET) refers (Special) to heapauxi.o(.text) for __use_two_region_memory
    startup_m251.o(RESET) refers to startup_m251.o(STACK) for __initial_sp
    startup_m251.o(RESET) refers to startup_m251.o(.text) for Reset_Handler
    startup_m251.o(RESET) refers to retarget.o(.text.SendChar_ToUART) for SendChar_ToUART
    startup_m251.o(RESET) refers to retarget.o(.text.GetChar) for GetChar
    startup_m251.o(RESET) refers to port_s.o(.text) for PendSV_Handler
    startup_m251.o(RESET) refers to system_m251.o(.text.SysTick_Handler) for SysTick_Handler
    startup_m251.o(RESET) refers to main.o(.text.TMR0_IRQHandler) for TMR0_IRQHandler
    startup_m251.o(RESET) refers to main.o(.text.TMR1_IRQHandler) for TMR1_IRQHandler
    startup_m251.o(.text) refers (Special) to heapauxi.o(.text) for __use_two_region_memory
    startup_m251.o(.text) refers to system_m251.o(.text.SystemInit) for SystemInit
    startup_m251.o(.text) refers to __main.o(!!!main) for __main
    startup_m251.o(.text) refers to retarget.o(.text.ProcessHardFault) for ProcessHardFault
    startup_m251.o(.text) refers to startup_m251.o(HEAP) for Heap_Mem
    startup_m251.o(.text) refers to startup_m251.o(STACK) for Stack_Mem
    startup_m251.o(.text) refers to retarget.o(.text.SH_Return) for SH_Return
    clk.o(.ARM.exidx.text.CLK_DisableCKO) refers to clk.o(.text.CLK_DisableCKO) for [Anonymous Symbol]
    clk.o(.ARM.exidx.text.CLK_EnableCKO) refers to clk.o(.text.CLK_EnableCKO) for [Anonymous Symbol]
    clk.o(.ARM.exidx.text.CLK_PowerDown) refers to clk.o(.text.CLK_PowerDown) for [Anonymous Symbol]
    clk.o(.ARM.exidx.text.CLK_Idle) refers to clk.o(.text.CLK_Idle) for [Anonymous Symbol]
    clk.o(.ARM.exidx.text.CLK_GetHXTFreq) refers to clk.o(.text.CLK_GetHXTFreq) for [Anonymous Symbol]
    clk.o(.ARM.exidx.text.CLK_GetLXTFreq) refers to clk.o(.text.CLK_GetLXTFreq) for [Anonymous Symbol]
    clk.o(.text.CLK_GetPCLK0Freq) refers to system_m251.o(.text.SystemCoreClockUpdate) for SystemCoreClockUpdate
    clk.o(.text.CLK_GetPCLK0Freq) refers to system_m251.o(.data..L_MergedGlobals) for SystemCoreClock
    clk.o(.ARM.exidx.text.CLK_GetPCLK0Freq) refers to clk.o(.text.CLK_GetPCLK0Freq) for [Anonymous Symbol]
    clk.o(.text.CLK_GetPCLK1Freq) refers to system_m251.o(.text.SystemCoreClockUpdate) for SystemCoreClockUpdate
    clk.o(.text.CLK_GetPCLK1Freq) refers to system_m251.o(.data..L_MergedGlobals) for SystemCoreClock
    clk.o(.ARM.exidx.text.CLK_GetPCLK1Freq) refers to clk.o(.text.CLK_GetPCLK1Freq) for [Anonymous Symbol]
    clk.o(.text.CLK_GetHCLKFreq) refers to system_m251.o(.text.SystemCoreClockUpdate) for SystemCoreClockUpdate
    clk.o(.text.CLK_GetHCLKFreq) refers to system_m251.o(.data..L_MergedGlobals) for SystemCoreClock
    clk.o(.ARM.exidx.text.CLK_GetHCLKFreq) refers to clk.o(.text.CLK_GetHCLKFreq) for [Anonymous Symbol]
    clk.o(.text.CLK_GetCPUFreq) refers to system_m251.o(.text.SystemCoreClockUpdate) for SystemCoreClockUpdate
    clk.o(.text.CLK_GetCPUFreq) refers to system_m251.o(.data..L_MergedGlobals) for SystemCoreClock
    clk.o(.ARM.exidx.text.CLK_GetCPUFreq) refers to clk.o(.text.CLK_GetCPUFreq) for [Anonymous Symbol]
    clk.o(.ARM.exidx.text.CLK_GetPLLClockFreq) refers to clk.o(.text.CLK_GetPLLClockFreq) for [Anonymous Symbol]
[...]
    __arm_cp.0_0                             0x000008dc   Number         4  adc.o(.text.ADC_Init)
    __arm_cp.0_1                             0x000008e0   Number         4  adc.o(.text.ADC_Init)
    __arm_cp.0_2                             0x000008e4   Number         4  adc.o(.text.ADC_Init)
    [Anonymous Symbol]                       0x000008e8   Section        0  temp_deal.o(.text.AD_fun_Init)
    [Anonymous Symbol]                       0x000008f0   Section        0  clk.o(.text.CLK_EnableModuleClock)
    __arm_cp.20_0                            0x0000090c   Number         4  clk.o(.text.CLK_EnableModuleClock)
    __arm_cp.20_1                            0x00000910   Number         4  clk.o(.text.CLK_EnableModuleClock)
    [Anonymous Symbol]                       0x00000914   Section        0  clk.o(.text.CLK_EnablePLL)
    __arm_cp.12_4                            0x00000aec   Number         4  clk.o(.text.CLK_EnablePLL)
    __arm_cp.12_5                            0x00000af0   Number         4  clk.o(.text.CLK_EnablePLL)
    __arm_cp.12_6                            0x00000af4   Number         4  clk.o(.text.CLK_EnablePLL)
    __arm_cp.12_7                            0x00000af8   Number         4  clk.o(.text.CLK_EnablePLL)
    __arm_cp.12_8                            0x00000afc   Number         4  clk.o(.text.CLK_EnablePLL)
    __arm_cp.12_9                            0x00000b00   Number         4  clk.o(.text.CLK_EnablePLL)
    __arm_cp.12_10                           0x00000b04   Number         4  clk.o(.text.CLK_EnablePLL)
    __arm_cp.12_11                           0x00000b08   Number         4  clk.o(.text.CLK_EnablePLL)
    __arm_cp.12_12                           0x00000b0c   Number         4  clk.o(.text.CLK_EnablePLL)
    __arm_cp.12_13                           0x00000b10   Number         4  clk.o(.text.CLK_EnablePLL)
    __arm_cp.12_14                           0x00000b14   Number         4  clk.o(.text.CLK_EnablePLL)
    __arm_cp.12_15                           0x00000b18   Number         4  clk.o(.text.CLK_EnablePLL)
    __arm_cp.12_16                           0x00000b1c   Number         4  clk.o(.text.CLK_EnablePLL)
    [Anonymous Symbol]                       0x00000b20   Section        0  clk.o(.text.CLK_EnableXtalRC)
    [Anonymous Symbol]                       0x00000b2c   Section        0  clk.o(.text.CLK_GetPCLK0Freq)
    [Anonymous Symbol]                       0x00000b94   Section        0  clk.o(.text.CLK_GetPCLK1Freq)
    __arm_cp.7_0                             0x00000bfc   Number         4  clk.o(.text.CLK_GetPCLK1Freq)
    __arm_cp.7_1                             0x00000c00   Number         4  clk.o(.text.CLK_GetPCLK1Freq)
    [Anonymous Symbol]                       0x00000c04   Section        0  clk.o(.text.CLK_GetPLLClockFreq)
    __arm_cp.10_0                            0x00000c54   Number         4  clk.o(.text.CLK_GetPLLClockFreq)
    __arm_cp.10_1                            0x00000c58   Number         4  clk.o(.text.CLK_GetPLLClockFreq)
    __arm_cp.10_2                            0x00000c5c   Number         4  clk.o(.text.CLK_GetPLLClockFreq)
    [Anonymous Symbol]                       0x00000c64   Section        0  clk.o(.text.CLK_SetCoreClock)
    __arm_cp.15_0                            0x00000cd4   Number         4  clk.o(.text.CLK_SetCoreClock)
    __arm_cp.15_1                            0x00000cd8   Number         4  clk.o(.text.CLK_SetCoreClock)
    __arm_cp.15_2                            0x00000cdc   Number         4  clk.o(.text.CLK_SetCoreClock)
    __arm_cp.15_3                            0x00000ce0   Number         4  clk.o(.text.CLK_SetCoreClock)
    [Anonymous Symbol]                       0x00000ce4   Section        0  clk.o(.text.CLK_SetHCLK)
    __arm_cp.14_0                            0x00000d2c   Number         4  clk.o(.text.CLK_SetHCLK)
    __arm_cp.14_1                            0x00000d30   Number         4  clk.o(.text.CLK_SetHCLK)
    [Anonymous Symbol]                       0x00000d34   Section        0  clk.o(.text.CLK_SetModuleClock)
    __arm_cp.16_0                            0x00000d88   Number         4  clk.o(.text.CLK_SetModuleClock)
    __arm_cp.16_2                            0x00000d9c   Number         4  clk.o(.text.CLK_SetModuleClock)
    [Anonymous Symbol]                       0x00000da0   Section        0  dwt_delay.o(.text.DWT_DELAY_uS)
    [Anonymous Symbol]                       0x00000de8   Section        0  dwt_delay.o(.text.DWT_INIT)
    __arm_cp.0_0                             0x00000e04   Number         4  dwt_delay.o(.text.DWT_INIT)
    __arm_cp.0_1                             0x00000e08   Number         4  dwt_delay.o(.text.DWT_INIT)
    __arm_cp.0_2                             0x00000e0c   Number         4  dwt_delay.o(.text.DWT_INIT)
    [Anonymous Symbol]                       0x00000e10   Section        0  eadc.o(.text.EADC_ConfigSampleModule)
    __arm_cp.2_0                             0x00000e2c   Number         4  eadc.o(.text.EADC_ConfigSampleModule)
    [Anonymous Symbol]                       0x00000e30   Section        0  eadc.o(.text.EADC_Open)
    [Anonymous Symbol]                       0x00000e48   Section        0  adc.o(.text.EADC_READ)
    __arm_cp.1_0                             0x00000e8c   Number         4  adc.o(.text.EADC_READ)
    [Anonymous Symbol]                       0x00000e90   Section        0  eadc.o(.text.EADC_SetExtendSampleTime)
    [Anonymous Symbol]                       0x00000eac   Section        0  temp_deal.o(.text.Fan_Temp_Deal)
    __arm_cp.4_0                             0x00000f08   Number         4  temp_deal.o(.text.Fan_Temp_Deal)
    [Anonymous Symbol]                       0x00000f20   Section        0  retarget.o(.text.GetChar)
    [Anonymous Symbol]                       0x00000f34   Section        0  retarget.o(.text.ProcessHardFault)
    __arm_cp.1_0                             0x00000f90   Number         4  retarget.o(.text.ProcessHardFault)
    __arm_cp.1_3                             0x00000fb0   Number         4  retarget.o(.text.ProcessHardFault)
    __arm_cp.1_11                            0x00001008   Number         4  retarget.o(.text.ProcessHardFault)
    [Anonymous Symbol]                       0x0000100c   Section        0  retarget.o(.text.SH_Return)
    [Anonymous Symbol]                       0x00001010   Section        0  main.o(.text.SYS_Init)
    __arm_cp.0_0                             0x00001068   Number         4  main.o(.text.SYS_Init)
    __arm_cp.0_1                             0x0000106c   Number         4  main.o(.text.SYS_Init)
    __arm_cp.0_2                             0x00001070   Number         4  main.o(.text.SYS_Init)
    __arm_cp.0_3                             0x00001074   Number         4  main.o(.text.SYS_Init)
    [Anonymous Symbol]                       0x00001078   Section        0  sys.o(.text.SYS_ResetModule)
    __arm_cp.7_0                             0x00001098   Number         4  sys.o(.text.SYS_ResetModule)
    [Anonymous Symbol]                       0x0000109c   Section        0  temp_deal.o(.text.Seat_temp_deal)
    __arm_cp.3_0                             0x000010c0   Number         4  temp_deal.o(.text.Seat_temp_deal)
    [Anonymous Symbol]                       0x000010c4   Section        0  retarget.o(.text.SendChar)
    [Anonymous Symbol]                       0x000010c8   Section        0  retarget.o(.text.SendChar_ToUART)
    [Anonymous Symbol]                       0x000010e8   Section        0  system_m251.o(.text.SysTick_Handler)
    [Anonymous Symbol]                       0x00001100   Section        0  system_m251.o(.text.SystemCoreClockUpdate)
    __arm_cp.0_0                             0x00001138   Number         4  system_m251.o(.text.SystemCoreClockUpdate)
    __arm_cp.0_1                             0x0000113c   Number         4  system_m251.o(.text.SystemCoreClockUpdate)
    __arm_cp.0_2                             0x00001140   Number         4  system_m251.o(.text.SystemCoreClockUpdate)
    __arm_cp.0_3                             0x00001144   Number         4  system_m251.o(.text.SystemCoreClockUpdate)
    __arm_cp.0_4                             0x00001148   Number         4  system_m251.o(.text.SystemCoreClockUpdate)
    [Anonymous Symbol]                       0x0000114c   Section        0  system_m251.o(.text.SystemInit)
    __arm_cp.1_0                             0x00001168   Number         4  system_m251.o(.text.SystemInit)
    __arm_cp.1_1                             0x0000116c   Number         4  system_m251.o(.text.SystemInit)
    __arm_cp.1_2                             0x00001170   Number         4  system_m251.o(.text.SystemInit)
    [Anonymous Symbol]                       0x00001174   Section        0  main.o(.text.TMR0_IRQHandler)
    __arm_cp.5_0                             0x0000117c   Number         4  main.o(.text.TMR0_IRQHandler)
    [Anonymous Symbol]                       0x00001180   Section        0  main.o(.text.TMR1_IRQHandler)
    __arm_cp.6_0                             0x00001188   Number         4  main.o(.text.TMR1_IRQHandler)
    [Anonymous Symbol]                       0x0000118c   Section        0  control_center.o(.text.Toilet_driver_init)
    __arm_cp.1_0                             0x00001198   Number         4  control_center.o(.text.Toilet_driver_init)
    __arm_cp.1_1                             0x0000119c   Number         4  control_center.o(.text.Toilet_driver_init)
    __arm_cp.1_2                             0x000011a0   Number         4  control_center.o(.text.Toilet_driver_init)
    [Anonymous Symbol]                       0x000011a4   Section        0  main.o(.text.UART0_Init)
    __arm_cp.1_0                             0x000011b8   Number         4  main.o(.text.UART0_Init)
    [Anonymous Symbol]                       0x000011bc   Section        0  uart.o(.text.UART_Open)
    __arm_cp.6_0                             0x00001288   Number         4  uart.o(.text.UART_Open)
    __arm_cp.6_1                             0x0000128c   Number         4  uart.o(.text.UART_Open)
    __arm_cp.6_2                             0x00001290   Number         4  uart.o(.text.UART_Open)
    __arm_cp.6_3                             0x00001294   Number         4  uart.o(.text.UART_Open)
    __arm_cp.6_4                             0x00001298   Number         4  uart.o(.text.UART_Open)
    __arm_cp.6_5                             0x0000129c   Number         4  uart.o(.text.UART_Open)
    [Anonymous Symbol]                       0x000012a0   Section        0  system_m251.o(.text.Uart0DefaultMPF)
    __arm_cp.2_0                             0x000012bc   Number         4  system_m251.o(.text.Uart0DefaultMPF)
    [Anonymous Symbol]                       0x000012c0   Section        0  tos_mmheap.o(.text.blk_insert)
    blk_insert                               0x000012c1   Thumb Code    72  tos_mmheap.o(.text.blk_insert)
    [Anonymous Symbol]                       0x00001304   Section        0  tos_cpu.o(.text.cpu_context_switch)
    [Anonymous Symbol]                       0x00001308   Section        0  tos_cpu.o(.text.cpu_init)
    __arm_cp.5_0                             0x00001320   Number         4  tos_cpu.o(.text.cpu_init)
    __arm_cp.5_1                             0x00001324   Number         4  tos_cpu.o(.text.cpu_init)
    __arm_cp.5_2                             0x00001328   Number         4  tos_cpu.o(.text.cpu_init)
    [Anonymous Symbol]                       0x0000132c   Section        0  tos_cpu.o(.text.cpu_irq_context_switch)
    [Anonymous Symbol]                       0x00001330   Section        0  tos_cpu.o(.text.cpu_sched_start)
    [Anonymous Symbol]                       0x00001336   Section        0  tos_cpu.o(.text.cpu_systick_init)
    [Anonymous Symbol]                       0x00001348   Section        0  tos_cpu.o(.text.cpu_task_stk_init)
    __arm_cp.11_0                            0x000013a8   Number         4  tos_cpu.o(.text.cpu_task_stk_init)
    __arm_cp.11_1                            0x000013ac   Number         4  tos_cpu.o(.text.cpu_task_stk_init)
    __arm_cp.11_2                            0x000013b0   Number         4  tos_cpu.o(.text.cpu_task_stk_init)
    __arm_cp.11_3                            0x000013b4   Number         4  tos_cpu.o(.text.cpu_task_stk_init)
    __arm_cp.11_4                            0x000013b8   Number         4  tos_cpu.o(.text.cpu_task_stk_init)
    __arm_cp.11_5                            0x000013bc   Number         4  tos_cpu.o(.text.cpu_task_stk_init)
    __arm_cp.11_6                            0x000013c0   Number         4  tos_cpu.o(.text.cpu_task_stk_init)
    __arm_cp.11_7                            0x000013c4   Number         4  tos_cpu.o(.text.cpu_task_stk_init)
    __arm_cp.11_8                            0x000013c8   Number         4  tos_cpu.o(.text.cpu_task_stk_init)
    __arm_cp.11_9                            0x000013cc   Number         4  tos_cpu.o(.text.cpu_task_stk_init)
    __arm_cp.11_10                           0x000013d0   Number         4  tos_cpu.o(.text.cpu_task_stk_init)
    __arm_cp.11_11                           0x000013d4   Number         4  tos_cpu.o(.text.cpu_task_stk_init)
    [Anonymous Symbol]                       0x000013d8   Section        0  retarget.o(.text.ferror)
    [Anonymous Symbol]                       0x000013de   Section        0  retarget.o(.text.fputc)
    [Anonymous Symbol]                       0x000013ea   Section        0  tos_mmheap.o(.text.generic_fls)
    generic_fls                              0x000013eb   Thumb Code    76  tos_mmheap.o(.text.generic_fls)
    [Anonymous Symbol]                       0x00001436   Section        0  tos_sys.o(.text.knl_idle_entry)
    knl_idle_entry                           0x00001437   Thumb Code     2  tos_sys.o(.text.knl_idle_entry)
    [Anonymous Symbol]                       0x00001438   Section        0  tos_sys.o(.text.knl_idle_init)
    __arm_cp.1_0                             0x00001460   Number         4  tos_sys.o(.text.knl_idle_init)
    __arm_cp.1_1                             0x00001464   Number         4  tos_sys.o(.text.knl_idle_init)
    __arm_cp.1_2                             0x00001468   Number         4  tos_sys.o(.text.knl_idle_init)
    __arm_cp.1_4                             0x00001474   Number         4  tos_sys.o(.text.knl_idle_init)
    [Anonymous Symbol]                       0x00001478   Section        0  tos_sys.o(.text.knl_is_idle)
    __arm_cp.12_0                            0x00001484   Number         4  tos_sys.o(.text.knl_is_idle)
    [Anonymous Symbol]                       0x00001488   Section        0  tos_sys.o(.text.knl_is_inirq)
    [Anonymous Symbol]                       0x00001494   Section        0  tos_sys.o(.text.knl_is_sched_locked)
    [Anonymous Symbol]                       0x000014a0   Section        0  tos_sys.o(.text.knl_is_self)
    [Anonymous Symbol]                       0x000014b0   Section        0  tos_sys.o(.text.knl_sched)
    __arm_cp.10_0                            0x000014e4   Number         4  tos_sys.o(.text.knl_sched)
    __arm_cp.10_1                            0x000014e8   Number         4  tos_sys.o(.text.knl_sched)
    __arm_cp.10_2                            0x000014ec   Number         4  tos_sys.o(.text.knl_sched)
    [Anonymous Symbol]                       0x000014f0   Section        0  main.o(.text.main)
    __arm_cp.4_0                             0x00001588   Number         4  main.o(.text.main)
    __arm_cp.4_1                             0x0000158c   Number         4  main.o(.text.main)
    __arm_cp.4_2                             0x00001590   Number         4  main.o(.text.main)
    __arm_cp.4_3                             0x00001594   Number         4  main.o(.text.main)
    __arm_cp.4_4                             0x00001598   Number         4  main.o(.text.main)
    __arm_cp.4_5                             0x0000159c   Number         4  main.o(.text.main)
    __arm_cp.4_7                             0x000015a8   Number         4  main.o(.text.main)
    __arm_cp.4_8                             0x000015ac   Number         4  main.o(.text.main)
    __arm_cp.4_9                             0x000015b0   Number         4  main.o(.text.main)
    __arm_cp.4_11                            0x000015bc   Number         4  main.o(.text.main)
    [Anonymous Symbol]                       0x000015e8   Section        0  tos_mmheap.o(.text.mapping_insert)
    mapping_insert                           0x000015e9   Thumb Code    40  tos_mmheap.o(.text.mapping_insert)
    [Anonymous Symbol]                       0x00001610   Section        0  tos_mmheap.o(.text.mmheap_init)
    __arm_cp.0_0                             0x00001644   Number         4  tos_mmheap.o(.text.mmheap_init)
    [Anonymous Symbol]                       0x00001648   Section        0  tos_msg.o(.text.msgpool_init)
    __arm_cp.0_0                             0x00001668   Number         4  tos_msg.o(.text.msgpool_init)
    __arm_cp.0_1                             0x0000166c   Number         4  tos_msg.o(.text.msgpool_init)
    [Anonymous Symbol]                       0x00001670   Section        0  tos_mutex.o(.text.mutex_old_owner_release)
    mutex_old_owner_release                  0x00001671   Thumb Code    58  tos_mutex.o(.text.mutex_old_owner_release)
    [Anonymous Symbol]                       0x000016aa   Section        0  tos_mutex.o(.text.mutex_release)
    [Anonymous Symbol]                       0x000016bc   Section        0  tos_pend.o(.text.pend_highest_prio_get)
    [Anonymous Symbol]                       0x000016ce   Section        0  tos_pend.o(.text.pend_list_add)
    pend_list_add                            0x000016cf   Thumb Code    54  tos_pend.o(.text.pend_list_add)
    [Anonymous Symbol]                       0x00001704   Section        0  tos_pend.o(.text.pend_list_adjust)
    [Anonymous Symbol]                       0x00001712   Section        0  tos_pend.o(.text.pend_list_remove)
    [Anonymous Symbol]                       0x00001728   Section        0  tos_pend.o(.text.pend_task_wakeup)
    [Anonymous Symbol]                       0x00001764   Section        0  tos_pend.o(.text.pend_wakeup_all)
    [Anonymous Symbol]                       0x00001784   Section        0  port_c.o(.text.port_systick_config)
    __arm_cp.1_0                             0x000017a8   Number         4  port_c.o(.text.port_systick_config)
    __arm_cp.1_1                             0x000017ac   Number         4  port_c.o(.text.port_systick_config)
    [Anonymous Symbol]                       0x000017b0   Section        0  port_c.o(.text.port_systick_priority_set)
    __arm_cp.2_0                             0x000017c4   Number         4  port_c.o(.text.port_systick_priority_set)
    [Anonymous Symbol]                       0x000017c8   Section        0  tos_sched.o(.text.readyqueue_add)
    __arm_cp.8_0                             0x000017dc   Number         4  tos_sched.o(.text.readyqueue_add)
    [Anonymous Symbol]                       0x000017e0   Section        0  tos_sched.o(.text.readyqueue_add_head)
    [Anonymous Symbol]                       0x00001808   Section        0  tos_sched.o(.text.readyqueue_add_tail)
    [Anonymous Symbol]                       0x00001830   Section        0  tos_sched.o(.text.readyqueue_first_task_get)
    [Anonymous Symbol]                       0x00001848   Section        0  tos_sched.o(.text.readyqueue_highest_ready_task_get)
    [Anonymous Symbol]                       0x00001858   Section        0  tos_sched.o(.text.readyqueue_init)
    [Anonymous Symbol]                       0x00001878   Section        0  tos_sched.o(.text.readyqueue_is_prio_onlyone)
    [Anonymous Symbol]                       0x0000188c   Section        0  tos_sched.o(.text.readyqueue_move_head_to_tail)
    [Anonymous Symbol]                       0x000018b0   Section        0  tos_sched.o(.text.readyqueue_prio_mark)
    readyqueue_prio_mark                     0x000018b1   Thumb Code    44  tos_sched.o(.text.readyqueue_prio_mark)
    [Anonymous Symbol]                       0x000018d8   Section        0  tos_sched.o(.text.readyqueue_remove)
    __arm_cp.9_0                             0x0000192c   Number         4  tos_sched.o(.text.readyqueue_remove)
    [Anonymous Symbol]                       0x00001930   Section        0  tos_robin.o(.text.robin_sched)
    __arm_cp.2_0                             0x0000199c   Number         4  tos_robin.o(.text.robin_sched)
    __arm_cp.2_1                             0x000019a0   Number         4  tos_robin.o(.text.robin_sched)
    __arm_cp.2_2                             0x000019a4   Number         4  tos_robin.o(.text.robin_sched)
    [Anonymous Symbol]                       0x000019a8   Section        0  main.o(.text.task1_fun)
    __arm_cp.2_1                             0x000019c4   Number         4  main.o(.text.task1_fun)
    [Anonymous Symbol]                       0x000019c8   Section        0  main.o(.text.task2_task)
    __arm_cp.3_0                             0x000019e0   Number         4  main.o(.text.task2_task)
    [Anonymous Symbol]                       0x000019e4   Section        0  tos_task.o(.text.task_exit)
    task_exit                                0x000019e5   Thumb Code     6  tos_task.o(.text.task_exit)
    [Anonymous Symbol]                       0x000019ea   Section        0  tos_task.o(.text.task_reset)
    task_reset                               0x000019eb   Thumb Code    44  tos_task.o(.text.task_reset)
    [Anonymous Symbol]                       0x00001a18   Section        0  tos_tick.o(.text.tick_list_add)
    [Anonymous Symbol]                       0x00001ae8   Section        0  tos_tick.o(.text.tick_list_remove)
    [Anonymous Symbol]                       0x00001b78   Section        0  tos_tick.o(.text.tick_update)
    __arm_cp.2_1                             0x00001c04   Number         4  tos_tick.o(.text.tick_update)
    [Anonymous Symbol]                       0x00001c08   Section        0  tos_timer.o(.text.timer_init)
    [Anonymous Symbol]                       0x00001c0c   Section        0  tos_timer.o(.text.timer_place)
    timer_place                              0x00001c0d   Thumb Code   124  tos_timer.o(.text.timer_place)
    [Anonymous Symbol]                       0x00001c80   Section        0  tos_timer.o(.text.timer_takeoff)
    timer_takeoff                            0x00001c81   Thumb Code    60  tos_timer.o(.text.timer_takeoff)
    [Anonymous Symbol]                       0x00001cb8   Section        0  tos_timer.o(.text.timer_update)
    __arm_cp.7_0                             0x00001d54   Number         4  tos_timer.o(.text.timer_update)
    __arm_cp.7_1                             0x00001d58   Number         4  tos_timer.o(.text.timer_update)
    [Anonymous Symbol]                       0x00001d5c   Section        0  tos_cpu.o(.text.tos_cpu_clz)
    [Anonymous Symbol]                       0x00001db0   Section        0  tos_cpu.o(.text.tos_cpu_cpsr_restore)
    [Anonymous Symbol]                       0x00001db4   Section        0  tos_cpu.o(.text.tos_cpu_cpsr_save)
    [Anonymous Symbol]                       0x00001db8   Section        0  tos_sys.o(.text.tos_knl_init)
    __arm_cp.0_0                             0x00001de0   Number         4  tos_sys.o(.text.tos_knl_init)
    [Anonymous Symbol]                       0x00001de4   Section        0  tos_sys.o(.text.tos_knl_irq_enter)
    [Anonymous Symbol]                       0x00001dfc   Section        0  tos_sys.o(.text.tos_knl_irq_leave)
    [Anonymous Symbol]                       0x00001e40   Section        0  tos_sys.o(.text.tos_knl_is_running)
    [Anonymous Symbol]                       0x00001e50   Section        0  tos_sys.o(.text.tos_knl_sched_lock)
    [Anonymous Symbol]                       0x00001e94   Section        0  tos_sys.o(.text.tos_knl_sched_unlock)
    __arm_cp.9_0                             0x00001ecc   Number         4  tos_sys.o(.text.tos_knl_sched_unlock)
    __arm_cp.9_2                             0x00001ed0   Number         4  tos_sys.o(.text.tos_knl_sched_unlock)
    __arm_cp.9_3                             0x00001ed4   Number         4  tos_sys.o(.text.tos_knl_sched_unlock)
    [Anonymous Symbol]                       0x00001ed8   Section        0  tos_sys.o(.text.tos_knl_start)
    __arm_cp.11_0                            0x00001f00   Number         4  tos_sys.o(.text.tos_knl_start)
    __arm_cp.11_1                            0x00001f04   Number         4  tos_sys.o(.text.tos_knl_start)
    [Anonymous Symbol]                       0x00001f08   Section        0  tos_mmheap.o(.text.tos_mmheap_pool_add)
    __arm_cp.1_0                             0x00001f4c   Number         4  tos_mmheap.o(.text.tos_mmheap_pool_add)
    [Anonymous Symbol]                       0x00001f50   Section        0  tos_task.o(.text.tos_task_create)
    __arm_cp.0_2                             0x0000200c   Number         4  tos_task.o(.text.tos_task_create)
    __arm_cp.0_3                             0x00002010   Number         4  tos_task.o(.text.tos_task_create)
    [Anonymous Symbol]                       0x00002014   Section        0  tos_task.o(.text.tos_task_delay)
    [Anonymous Symbol]                       0x00002070   Section        0  tos_task.o(.text.tos_task_destroy)
    __arm_cp.3_0                             0x00002108   Number         4  tos_task.o(.text.tos_task_destroy)
    __arm_cp.3_1                             0x0000210c   Number         4  tos_task.o(.text.tos_task_destroy)
    [Anonymous Symbol]                       0x00002110   Section        0  tos_task.o(.text.tos_task_prio_change)
    __arm_cp.5_0                             0x000021c8   Number         4  tos_task.o(.text.tos_task_prio_change)
    __arm_cp.5_1                             0x000021cc   Number         4  tos_task.o(.text.tos_task_prio_change)
    [Anonymous Symbol]                       0x000021d0   Section        0  tos_task.o(.text.tos_task_yield)
    [Anonymous Symbol]                       0x000021fc   Section        0  tos_tick.o(.text.tos_tick_handler)
    __arm_cp.4_0                             0x00002220   Number         4  tos_tick.o(.text.tos_tick_handler)
    .constdata                               0x00002224   Section       40  _printf_hex_int.o(.constdata)
    uc_hextab                                0x00002224   Data          20  _printf_hex_int.o(.constdata)
    lc_hextab                                0x00002238   Data          20  _printf_hex_int.o(.constdata)
    [Anonymous Symbol]                       0x0000224c   Section        0  clk.o(.rodata..LCLK_DisableModuleClock.au32ClkTbl)
    [Anonymous Symbol]                       0x00002258   Section        0  uart.o(.rodata..LUART_SelectIrDAMode.au32ClkTbl)
    .LCLK_GetModuleClockSource.au32SelTbl    0x00002270   Data          16  clk.o(.rodata.cst16)
    [Anonymous Symbol]                       0x000022a8   Section        0  main.o(.rodata.str1.1)
    .L.str                                   0x000022a8   Data          65  main.o(.rodata.str1.1)
    [Anonymous Symbol]                       0x20000000   Section        0  system_m251.o(.data..L_MergedGlobals)
    [Anonymous Symbol]                       0x2000000c   Section        0  retarget.o(.data.g_ICE_Conneced)
    g_ICE_Conneced                           0x2000000c   Data           4  retarget.o(.data.g_ICE_Conneced)
    .bss                                     0x20000040   Section       96  libspace.o(.bss)
    [Anonymous Symbol]                       0x200000a0   Section        0  main.o(.bss..L_MergedGlobals)
    [Anonymous Symbol]                       0x20000110   Section        0  temp_deal.o(.bss..L_MergedGlobals)
    Seat_temp_deal.AdcCount                  0x20000110   Data           1  temp_deal.o(.bss..L_MergedGlobals)
    Fan_Temp_Deal.AdcCount                   0x20000111   Data           1  temp_deal.o(.bss..L_MergedGlobals)
    Seat_temp_deal.AdcBuf                    0x20000114   Data          20  temp_deal.o(.bss..L_MergedGlobals)
    Fan_Temp_Deal.AdcBuf                     0x20000128   Data          20  temp_deal.o(.bss..L_MergedGlobals)
    [Anonymous Symbol]                       0x20000140   Section        0  main.o(.bss..L_MergedGlobals.4)
    [Anonymous Symbol]                       0x200001a8   Section        0  dwt_delay.o(.bss.SYSCLK)
    SYSCLK                                   0x200001a8   Data           4  dwt_delay.o(.bss.SYSCLK)
    HEAP                                     0x20001680   Section        0  startup_m251.o(HEAP)
    STACK                                    0x20001680   Section     2048  startup_m251.o(STACK)
    Heap_Mem                                 0x20001680   Data           0  startup_m251.o(HEAP)
    Stack_Mem                                0x20001680   Data        2048  startup_m251.o(STACK)
    __initial_sp                             0x20001e80   Data           0  startup_m251.o(STACK)

    Global Symbols

    Symbol Name                              Value     Ov Type        Size  Object(Section)

    BuildAttributes$$THM_ISAv3M$S$8M$PE$A:L22$X:L11$S22$IEEE1$IW$~IW$USESV6$~STKCKD$USESV7$~SHL$OSPACE$ROPI$EBA8$UX$STANDARDLIB$REQ8$PRES8$EABIv2 0x00000000   Number         0  anon$$obj.o ABSOLUTE
    __Vectors                                0x00000000   Data           4  startup_m251.o(RESET)
    __ARM_exceptions_init                     - Undefined Weak Reference
    __alloca_initialize                       - Undefined Weak Reference
    __arm_preinit_                            - Undefined Weak Reference
    __cpp_initialize__aeabi_                  - Undefined Weak Reference
    __cxa_finalize                            - Undefined Weak Reference
    __rt_locale                               - Undefined Weak Reference
    __sigvec_lookup                           - Undefined Weak Reference
    _atexit_init                              - Undefined Weak Reference
    _call_atexit_fns                          - Undefined Weak Reference
    _clock_init                               - Undefined Weak Reference
    _fp_trap_init                             - Undefined Weak Reference
    _fp_trap_shutdown                         - Undefined Weak Reference
    _get_lc_collate                           - Undefined Weak Reference
    _get_lc_ctype                             - Undefined Weak Reference
    _get_lc_monetary                          - Undefined Weak Reference
    _get_lc_numeric                           - Undefined Weak Reference
    _get_lc_time                              - Undefined Weak Reference
    _getenv_init                              - Undefined Weak Reference
    _handle_redirection                       - Undefined Weak Reference
    _init_alloc                               - Undefined Weak Reference
    _init_user_alloc                          - Undefined Weak Reference
    _initio                                   - Undefined Weak Reference
    _printf_mbtowc                            - Undefined Weak Reference
    _printf_post_padding                      - Undefined Weak Reference
    _printf_pre_padding                       - Undefined Weak Reference
    _printf_truncate_signed                   - Undefined Weak Reference
    _printf_truncate_unsigned                 - Undefined Weak Reference
    _rand_init                                - Undefined Weak Reference
    _signal_finish                            - Undefined Weak Reference
    _signal_init                              - Undefined Weak Reference
    _terminate_alloc                          - Undefined Weak Reference
    _terminate_user_alloc                     - Undefined Weak Reference
    _terminateio                              - Undefined Weak Reference
    __Vectors_End                            0x00000140   Data           0  startup_m251.o(RESET)
    __Vectors_Size                           0x00000140   Number         0  startup_m251.o ABSOLUTE
    __main                                   0x00000141   Thumb Code     8  __main.o(!!!main)
    __scatterload                            0x00000149   Thumb Code     0  __scatter.o(!!!scatter)
    __scatterload_rt2                        0x00000149   Thumb Code    52  __scatter.o(!!!scatter)
    __scatterload_rt2_thumb_only             0x00000149   Thumb Code     0  __scatter.o(!!!scatter)
    __scatterload_null                       0x00000159   Thumb Code     0  __scatter.o(!!!scatter)
    __scatterload_copy                       0x00000185   Thumb Code    26  __scatter_copy.o(!!handler_copy)
    __scatterload_zeroinit                   0x000001a1   Thumb Code    28  __scatter_zi.o(!!handler_zi)
    _printf_percent                          0x000001bd   Thumb Code     0  _printf_percent.o(.ARM.Collect$$_printf_percent$$00000000)
    _printf_d                                0x000001bf   Thumb Code     0  _printf_d.o(.ARM.Collect$$_printf_percent$$00000009)
    _printf_x                                0x000001c9   Thumb Code     0  _printf_x.o(.ARM.Collect$$_printf_percent$$0000000C)
    _printf_s                                0x000001d3   Thumb Code     0  _printf_s.o(.ARM.Collect$$_printf_percent$$00000014)
    _printf_percent_end                      0x000001dd   Thumb Code     0  _printf_percent_end.o(.ARM.Collect$$_printf_percent$$00000017)
    __rt_lib_init                            0x000001e1   Thumb Code     0  libinit.o(.ARM.Collect$$libinit$$00000000)
    __rt_lib_init_alloca_1                   0x000001e3   Thumb Code     0  libinit2.o(.ARM.Collect$$libinit$$0000002E)
    __rt_lib_init_argv_1                     0x000001e3   Thumb Code     0  libinit2.o(.ARM.Collect$$libinit$$0000002C)
    __rt_lib_init_atexit_1                   0x000001e3   Thumb Code     0  libinit2.o(.ARM.Collect$$libinit$$0000001B)
    __rt_lib_init_clock_1                    0x000001e3   Thumb Code     0  libinit2.o(.ARM.Collect$$libinit$$00000021)
    __rt_lib_init_cpp_1                      0x000001e3   Thumb Code     0  libinit2.o(.ARM.Collect$$libinit$$00000032)
    __rt_lib_init_exceptions_1               0x000001e3   Thumb Code     0  libinit2.o(.ARM.Collect$$libinit$$00000030)
    __rt_lib_init_fp_1                       0x000001e3   Thumb Code     0  libinit2.o(.ARM.Collect$$libinit$$00000002)
    __rt_lib_init_fp_trap_1                  0x000001e3   Thumb Code     0  libinit2.o(.ARM.Collect$$libinit$$0000001F)
    __rt_lib_init_getenv_1                   0x000001e3   Thumb Code     0  libinit2.o(.ARM.Collect$$libinit$$00000023)
    __rt_lib_init_heap_1                     0x000001e3   Thumb Code     0  libinit2.o(.ARM.Collect$$libinit$$0000000A)
    __rt_lib_init_lc_collate_1               0x000001e3   Thumb Code     0  libinit2.o(.ARM.Collect$$libinit$$00000011)
    __rt_lib_init_lc_ctype_1                 0x000001e3   Thumb Code     0  libinit2.o(.ARM.Collect$$libinit$$00000013)
    __rt_lib_init_lc_monetary_1              0x000001e3   Thumb Code     0  libinit2.o(.ARM.Collect$$libinit$$00000015)
    __rt_lib_init_lc_numeric_1               0x000001e3   Thumb Code     0  libinit2.o(.ARM.Collect$$libinit$$00000017)
    __rt_lib_init_lc_time_1                  0x000001e3   Thumb Code     0  libinit2.o(.ARM.Collect$$libinit$$00000019)
    __rt_lib_init_preinit_1                  0x000001e3   Thumb Code     0  libinit2.o(.ARM.Collect$$libinit$$00000004)
    __rt_lib_init_rand_1                     0x000001e3   Thumb Code     0  libinit2.o(.ARM.Collect$$libinit$$0000000E)
    __rt_lib_init_return                     0x000001e3   Thumb Code     0  libinit2.o(.ARM.Collect$$libinit$$00000033)
    __rt_lib_init_signal_1                   0x000001e3   Thumb Code     0  libinit2.o(.ARM.Collect$$libinit$$0000001D)
    __rt_lib_init_stdio_1                    0x000001e3   Thumb Code     0  libinit2.o(.ARM.Collect$$libinit$$00000025)
    __rt_lib_init_user_alloc_1               0x000001e3   Thumb Code     0  libinit2.o(.ARM.Collect$$libinit$$0000000C)
    __rt_lib_shutdown                        0x000001e5   Thumb Code     0  libshutdown.o(.ARM.Collect$$libshutdown$$00000000)
    __rt_lib_shutdown_cpp_1                  0x000001e7   Thumb Code     0  libshutdown2.o(.ARM.Collect$$libshutdown$$00000002)
    __rt_lib_shutdown_fp_trap_1              0x000001e7   Thumb Code     0  libshutdown2.o(.ARM.Collect$$libshutdown$$00000007)
    __rt_lib_shutdown_heap_1                 0x000001e7   Thumb Code     0  libshutdown2.o(.ARM.Collect$$libshutdown$$0000000F)
    __rt_lib_shutdown_return                 0x000001e7   Thumb Code     0  libshutdown2.o(.ARM.Collect$$libshutdown$$00000010)
    __rt_lib_shutdown_signal_1               0x000001e7   Thumb Code     0  libshutdown2.o(.ARM.Collect$$libshutdown$$0000000A)
    __rt_lib_shutdown_stdio_1                0x000001e7   Thumb Code     0  libshutdown2.o(.ARM.Collect$$libshutdown$$00000004)
    __rt_lib_shutdown_user_alloc_1           0x000001e7   Thumb Code     0  libshutdown2.o(.ARM.Collect$$libshutdown$$0000000C)
    __rt_entry                               0x000001e9   Thumb Code     0  __rtentry.o(.ARM.Collect$$rtentry$$00000000)
    __rt_entry_presh_1                       0x000001e9   Thumb Code     0  __rtentry2.o(.ARM.Collect$$rtentry$$00000002)
    __rt_entry_sh                            0x000001e9   Thumb Code     0  __rtentry4.o(.ARM.Collect$$rtentry$$00000004)
    __rt_entry_li                            0x000001ef   Thumb Code     0  __rtentry2.o(.ARM.Collect$$rtentry$$0000000A)
    __rt_entry_postsh_1                      0x000001ef   Thumb Code     0  __rtentry2.o(.ARM.Collect$$rtentry$$00000009)
    __rt_entry_main                          0x000001f3   Thumb Code     0  __rtentry2.o(.ARM.Collect$$rtentry$$0000000D)
    __rt_entry_postli_1                      0x000001f3   Thumb Code     0  __rtentry2.o(.ARM.Collect$$rtentry$$0000000C)
    __rt_exit                                0x000001fb   Thumb Code     0  rtexit.o(.ARM.Collect$$rtexit$$00000000)
    __rt_exit_ls                             0x000001fd   Thumb Code     0  rtexit2.o(.ARM.Collect$$rtexit$$00000003)
    __rt_exit_prels_1                        0x000001fd   Thumb Code     0  rtexit2.o(.ARM.Collect$$rtexit$$00000002)
    __rt_exit_exit                           0x00000201   Thumb Code     0  rtexit2.o(.ARM.Collect$$rtexit$$00000004)
    __aeabi_memcpy4                          0x00000209   Thumb Code    56  rt_memcpy.o(.emb_text)
    __aeabi_memcpy8                          0x00000209   Thumb Code     0  rt_memcpy.o(.emb_text)
    Reset_Handler                            0x00000241   Thumb Code    46  startup_m251.o(.text)
    NMI_Handler                              0x0000026f   Thumb Code     2  startup_m251.o(.text)
    HardFault_Handler                        0x00000271   Thumb Code    16  startup_m251.o(.text)
    SVC_Handler                              0x00000281   Thumb Code     2  startup_m251.o(.text)
    ACMP01_IRQHandler                        0x00000287   Thumb Code     0  startup_m251.o(.text)
    BOD_IRQHandler                           0x00000287   Thumb Code     0  startup_m251.o(.text)
    BPWM0_IRQHandler                         0x00000287   Thumb Code     0  startup_m251.o(.text)
    BPWM1_IRQHandler                         0x00000287   Thumb Code     0  startup_m251.o(.text)
    BRAKE0_IRQHandler                        0x00000287   Thumb Code     0  startup_m251.o(.text)
    BRAKE1_IRQHandler                        0x00000287   Thumb Code     0  startup_m251.o(.text)
    CLKFAIL_IRQHandler                       0x00000287   Thumb Code     0  startup_m251.o(.text)
    CRPT_IRQHandler                          0x00000287   Thumb Code     0  startup_m251.o(.text)
    DAC_IRQHandler                           0x00000287   Thumb Code     0  startup_m251.o(.text)
    DEFAULT_IRQHandler                       0x00000287   Thumb Code     0  startup_m251.o(.text)
    EADC_INT0_IRQHandler                     0x00000287   Thumb Code     0  startup_m251.o(.text)
    EADC_INT1_IRQHandler                     0x00000287   Thumb Code     0  startup_m251.o(.text)
    EADC_INT2_IRQHandler                     0x00000287   Thumb Code     0  startup_m251.o(.text)
    EADC_INT3_IRQHandler                     0x00000287   Thumb Code     0  startup_m251.o(.text)
    EINT0_IRQHandler                         0x00000287   Thumb Code     0  startup_m251.o(.text)
    EINT1_IRQHandler                         0x00000287   Thumb Code     0  startup_m251.o(.text)
    EINT2_IRQHandler                         0x00000287   Thumb Code     0  startup_m251.o(.text)
    EINT3_IRQHandler                         0x00000287   Thumb Code     0  startup_m251.o(.text)
    EINT4_IRQHandler                         0x00000287   Thumb Code     0  startup_m251.o(.text)
    EINT5_IRQHandler                         0x00000287   Thumb Code     0  startup_m251.o(.text)
    GPA_IRQHandler                           0x00000287   Thumb Code     0  startup_m251.o(.text)
    GPB_IRQHandler                           0x00000287   Thumb Code     0  startup_m251.o(.text)
    GPC_IRQHandler                           0x00000287   Thumb Code     0  startup_m251.o(.text)
    GPD_IRQHandler                           0x00000287   Thumb Code     0  startup_m251.o(.text)
    GPE_IRQHandler                           0x00000287   Thumb Code     0  startup_m251.o(.text)
    GPF_IRQHandler                           0x00000287   Thumb Code     0  startup_m251.o(.text)
    I2C0_IRQHandler                          0x00000287   Thumb Code     0  startup_m251.o(.text)
    I2C1_IRQHandler                          0x00000287   Thumb Code     0  startup_m251.o(.text)
    IRCTRIM_IRQHandler                       0x00000287   Thumb Code     0  startup_m251.o(.text)
    OPA_IRQHandler                           0x00000287   Thumb Code     0  startup_m251.o(.text)
    PDMA_IRQHandler                          0x00000287   Thumb Code     0  startup_m251.o(.text)
    PSIO_IRQHandler                          0x00000287   Thumb Code     0  startup_m251.o(.text)
    PWM0_P0_IRQHandler                       0x00000287   Thumb Code     0  startup_m251.o(.text)
    PWM0_P1_IRQHandler                       0x00000287   Thumb Code     0  startup_m251.o(.text)
    PWM0_P2_IRQHandler                       0x00000287   Thumb Code     0  startup_m251.o(.text)
    PWM1_P0_IRQHandler                       0x00000287   Thumb Code     0  startup_m251.o(.text)
    PWM1_P1_IRQHandler                       0x00000287   Thumb Code     0  startup_m251.o(.text)
    PWM1_P2_IRQHandler                       0x00000287   Thumb Code     0  startup_m251.o(.text)
    PWRWU_IRQHandler                         0x00000287   Thumb Code     0  startup_m251.o(.text)
    QSPI0_IRQHandler                         0x00000287   Thumb Code     0  startup_m251.o(.text)
    RTC_IRQHandler                           0x00000287   Thumb Code     0  startup_m251.o(.text)
    SC0_IRQHandler                           0x00000287   Thumb Code     0  startup_m251.o(.text)
    SPI0_IRQHandler                          0x00000287   Thumb Code     0  startup_m251.o(.text)
    TAMPER_IRQHandler                        0x00000287   Thumb Code     0  startup_m251.o(.text)
    TMR2_IRQHandler                          0x00000287   Thumb Code     0  startup_m251.o(.text)
    TMR3_IRQHandler                          0x00000287   Thumb Code     0  startup_m251.o(.text)
    UART0_IRQHandler                         0x00000287   Thumb Code     0  startup_m251.o(.text)
    UART1_IRQHandler                         0x00000287   Thumb Code     0  startup_m251.o(.text)
    UART2_IRQHandler                         0x00000287   Thumb Code     0  startup_m251.o(.text)
    USBD_IRQHandler                          0x00000287   Thumb Code     0  startup_m251.o(.text)
    USCI0_IRQHandler                         0x00000287   Thumb Code     0  startup_m251.o(.text)
    USCI1_IRQHandler                         0x00000287   Thumb Code     0  startup_m251.o(.text)
    USCI2_IRQHandler                         0x00000287   Thumb Code     0  startup_m251.o(.text)
    WDT_IRQHandler                           0x00000287   Thumb Code     0  startup_m251.o(.text)
    WWDT_IRQHandler                          0x00000287   Thumb Code     0  startup_m251.o(.text)
    __user_initial_stackheap                 0x00000289   Thumb Code    10  startup_m251.o(.text)
    SH_DoCommand                             0x00000295   Thumb Code    10  startup_m251.o(.text)
    __PC                                     0x0000029f   Thumb Code     6  startup_m251.o(.text)
    port_int_disable                         0x000002cd   Thumb Code     0  port_s.o(.text)
    port_int_enable                          0x000002d1   Thumb Code     0  port_s.o(.text)
    port_cpsr_save                           0x000002d5   Thumb Code     0  port_s.o(.text)
    port_cpsr_restore                        0x000002dd   Thumb Code     0  port_s.o(.text)
    port_sched_start                         0x000002e3   Thumb Code     0  port_s.o(.text)
    port_context_switch                      0x000002f9   Thumb Code     0  port_s.o(.text)
    port_irq_context_switch                  0x00000301   Thumb Code     0  port_s.o(.text)
    PendSV_Handler                           0x00000309   Thumb Code     0  port_s.o(.text)
    __aeabi_uldivmod                         0x00000369   Thumb Code   258  lludiv.o(.text)
    _ll_udiv                                 0x00000369   Thumb Code     0  lludiv.o(.text)
    __2printf                                0x0000046d   Thumb Code    22  noretval__2printf.o(.text)
    __printf                                 0x00000489   Thumb Code   108  __printf.o(.text)
    _printf_str                              0x000004f5   Thumb Code    82  _printf_str.o(.text)
    _printf_int_dec                          0x00000549   Thumb Code    90  _printf_dec.o(.text)
    _printf_int_hex                          0x000005b5   Thumb Code    84  _printf_hex_int.o(.text)
    _printf_longlong_hex                     0x000005b5   Thumb Code     0  _printf_hex_int.o(.text)
    puts                                     0x0000060d   Thumb Code    38  puts.o(.text)
    __aeabi_memcpy                           0x00000639   Thumb Code   130  rt_memcpy.o(.text)
    __rt_memcpy                              0x00000639   Thumb Code     0  rt_memcpy.o(.text)
    __use_two_region_memory                  0x000006bb   Thumb Code     2  heapauxi.o(.text)
    __rt_heap_escrow$2region                 0x000006bd   Thumb Code     2  heapauxi.o(.text)
    __rt_heap_expand$2region                 0x000006bf   Thumb Code     2  heapauxi.o(.text)
    _printf_int_common                       0x000006c1   Thumb Code   176  _printf_intcommon.o(.text)
    _printf_cs_common                        0x00000771   Thumb Code    22  _printf_char.o(.text)
    _printf_char                             0x00000787   Thumb Code    16  _printf_char.o(.text)
    _printf_string                           0x00000797   Thumb Code     8  _printf_char.o(.text)
    _printf_char_file                        0x000007a1   Thumb Code    34  _printf_char_file.o(.text)
    __rt_udiv10                              0x000007c9   Thumb Code    40  rtudiv10.o(.text)
    _printf_char_common                      0x000007fb   Thumb Code    32  _printf_char_common.o(.text)
    __user_setup_stackheap                   0x00000821   Thumb Code    62  sys_stackheap_outer.o(.text)
    exit                                     0x0000085f   Thumb Code    16  exit.o(.text)
    __user_libspace                          0x00000871   Thumb Code     8  libspace.o(.text)
    __user_perproc_libspace                  0x00000871   Thumb Code     0  libspace.o(.text)
    __user_perthread_libspace                0x00000871   Thumb Code     0  libspace.o(.text)
    _sys_exit                                0x00000879   Thumb Code     8  sys_exit.o(.text)
    __I$use$semihosting                      0x00000885   Thumb Code     0  use_no_semi.o(.text)
    __use_no_semihosting_swi                 0x00000885   Thumb Code     2  use_no_semi.o(.text)
    __semihosting_library_function           0x00000887   Thumb Code     0  indicate_semi.o(.text)
    ADC_Init                                 0x00000889   Thumb Code    96  adc.o(.text.ADC_Init)
    AD_fun_Init                              0x000008e9   Thumb Code     6  temp_deal.o(.text.AD_fun_Init)
    CLK_EnableModuleClock                    0x000008f1   Thumb Code    36  clk.o(.text.CLK_EnableModuleClock)
    CLK_EnablePLL                            0x00000915   Thumb Code   540  clk.o(.text.CLK_EnablePLL)
    CLK_EnableXtalRC                         0x00000b21   Thumb Code    16  clk.o(.text.CLK_EnableXtalRC)
    CLK_GetPCLK0Freq                         0x00000b2d   Thumb Code   112  clk.o(.text.CLK_GetPCLK0Freq)
    CLK_GetPCLK1Freq                         0x00000b95   Thumb Code   112  clk.o(.text.CLK_GetPCLK1Freq)
    CLK_GetPLLClockFreq                      0x00000c05   Thumb Code    96  clk.o(.text.CLK_GetPLLClockFreq)
    CLK_SetCoreClock                         0x00000c65   Thumb Code   128  clk.o(.text.CLK_SetCoreClock)
    CLK_SetHCLK                              0x00000ce5   Thumb Code    80  clk.o(.text.CLK_SetHCLK)
    CLK_SetModuleClock                       0x00000d35   Thumb Code   108  clk.o(.text.CLK_SetModuleClock)
    DWT_DELAY_uS                             0x00000da1   Thumb Code    92  dwt_delay.o(.text.DWT_DELAY_uS)
    DWT_INIT                                 0x00000de9   Thumb Code    40  dwt_delay.o(.text.DWT_INIT)
    EADC_ConfigSampleModule                  0x00000e11   Thumb Code    32  eadc.o(.text.EADC_ConfigSampleModule)
    EADC_Open                                0x00000e31   Thumb Code    22  eadc.o(.text.EADC_Open)
    EADC_READ                                0x00000e49   Thumb Code    72  adc.o(.text.EADC_READ)
    EADC_SetExtendSampleTime                 0x00000e91   Thumb Code    28  eadc.o(.text.EADC_SetExtendSampleTime)
    Fan_Temp_Deal                            0x00000ead   Thumb Code   116  temp_deal.o(.text.Fan_Temp_Deal)
    GetChar                                  0x00000f21   Thumb Code    24  retarget.o(.text.GetChar)
    ProcessHardFault                         0x00000f35   Thumb Code   216  retarget.o(.text.ProcessHardFault)
    SH_Return                                0x0000100d   Thumb Code     4  retarget.o(.text.SH_Return)
    SYS_Init                                 0x00001011   Thumb Code   104  main.o(.text.SYS_Init)
    SYS_ResetModule                          0x00001079   Thumb Code    36  sys.o(.text.SYS_ResetModule)
    Seat_temp_deal                           0x0000109d   Thumb Code    40  temp_deal.o(.text.Seat_temp_deal)
    SendChar                                 0x000010c5   Thumb Code     4  retarget.o(.text.SendChar)
    SendChar_ToUART                          0x000010c9   Thumb Code    36  retarget.o(.text.SendChar_ToUART)
    SysTick_Handler                          0x000010e9   Thumb Code    24  system_m251.o(.text.SysTick_Handler)
    SystemCoreClockUpdate                    0x00001101   Thumb Code    76  system_m251.o(.text.SystemCoreClockUpdate)
    SystemInit                               0x0000114d   Thumb Code    40  system_m251.o(.text.SystemInit)
    TMR0_IRQHandler                          0x00001175   Thumb Code    12  main.o(.text.TMR0_IRQHandler)
    TMR1_IRQHandler                          0x00001181   Thumb Code    12  main.o(.text.TMR1_IRQHandler)
    Toilet_driver_init                       0x0000118d   Thumb Code    24  control_center.o(.text.Toilet_driver_init)
    UART0_Init                               0x000011a5   Thumb Code    28  main.o(.text.UART0_Init)
    UART_Open                                0x000011bd   Thumb Code   228  uart.o(.text.UART_Open)
    Uart0DefaultMPF                          0x000012a1   Thumb Code    32  system_m251.o(.text.Uart0DefaultMPF)
    cpu_context_switch                       0x00001305   Thumb Code     4  tos_cpu.o(.text.cpu_context_switch)
    cpu_init                                 0x00001309   Thumb Code    36  tos_cpu.o(.text.cpu_init)
    cpu_irq_context_switch                   0x0000132d   Thumb Code     4  tos_cpu.o(.text.cpu_irq_context_switch)
    cpu_sched_start                          0x00001331   Thumb Code     6  tos_cpu.o(.text.cpu_sched_start)
    cpu_systick_init                         0x00001337   Thumb Code    18  tos_cpu.o(.text.cpu_systick_init)
    cpu_task_stk_init                        0x00001349   Thumb Code   144  tos_cpu.o(.text.cpu_task_stk_init)
    ferror                                   0x000013d9   Thumb Code     6  retarget.o(.text.ferror)
    fputc                                    0x000013df   Thumb Code    12  retarget.o(.text.fputc)
    knl_idle_init                            0x00001439   Thumb Code    64  tos_sys.o(.text.knl_idle_init)
    knl_is_idle                              0x00001479   Thumb Code    16  tos_sys.o(.text.knl_is_idle)
    knl_is_inirq                             0x00001489   Thumb Code    16  tos_sys.o(.text.knl_is_inirq)
    knl_is_sched_locked                      0x00001495   Thumb Code    16  tos_sys.o(.text.knl_is_sched_locked)
    knl_is_self                              0x000014a1   Thumb Code    20  tos_sys.o(.text.knl_is_self)
    knl_sched                                0x000014b1   Thumb Code    68  tos_sys.o(.text.knl_sched)
    main                                     0x000014f1   Thumb Code   248  main.o(.text.main)
    mmheap_init                              0x00001611   Thumb Code    56  tos_mmheap.o(.text.mmheap_init)
    msgpool_init                             0x00001649   Thumb Code    40  tos_msg.o(.text.msgpool_init)
    mutex_release                            0x000016ab   Thumb Code    18  tos_mutex.o(.text.mutex_release)
    pend_highest_prio_get                    0x000016bd   Thumb Code    18  tos_pend.o(.text.pend_highest_prio_get)
    pend_list_adjust                         0x00001705   Thumb Code    14  tos_pend.o(.text.pend_list_adjust)
    pend_list_remove                         0x00001713   Thumb Code    22  tos_pend.o(.text.pend_list_remove)
    pend_task_wakeup                         0x00001729   Thumb Code    60  tos_pend.o(.text.pend_task_wakeup)
    pend_wakeup_all                          0x00001765   Thumb Code    30  tos_pend.o(.text.pend_wakeup_all)
    port_systick_config                      0x00001785   Thumb Code    48  port_c.o(.text.port_systick_config)
    port_systick_priority_set                0x000017b1   Thumb Code    24  port_c.o(.text.port_systick_priority_set)
    readyqueue_add                           0x000017c9   Thumb Code    24  tos_sched.o(.text.readyqueue_add)
    readyqueue_add_head                      0x000017e1   Thumb Code    44  tos_sched.o(.text.readyqueue_add_head)
    readyqueue_add_tail                      0x00001809   Thumb Code    44  tos_sched.o(.text.readyqueue_add_tail)
    readyqueue_first_task_get                0x00001831   Thumb Code    28  tos_sched.o(.text.readyqueue_first_task_get)
    readyqueue_highest_ready_task_get        0x00001849   Thumb Code    20  tos_sched.o(.text.readyqueue_highest_ready_task_get)
    readyqueue_init                          0x00001859   Thumb Code    36  tos_sched.o(.text.readyqueue_init)
    readyqueue_is_prio_onlyone               0x00001879   Thumb Code    24  tos_sched.o(.text.readyqueue_is_prio_onlyone)
    readyqueue_move_head_to_tail             0x0000188d   Thumb Code    40  tos_sched.o(.text.readyqueue_move_head_to_tail)
    readyqueue_remove                        0x000018d9   Thumb Code    88  tos_sched.o(.text.readyqueue_remove)
    robin_sched                              0x00001931   Thumb Code   120  tos_robin.o(.text.robin_sched)
    task1_fun                                0x000019a9   Thumb Code    36  main.o(.text.task1_fun)
    task2_task                               0x000019c9   Thumb Code    28  main.o(.text.task2_task)
    tick_list_add                            0x00001a19   Thumb Code   212  tos_tick.o(.text.tick_list_add)
    tick_list_remove                         0x00001ae9   Thumb Code   148  tos_tick.o(.text.tick_list_remove)
    tick_update                              0x00001b79   Thumb Code   148  tos_tick.o(.text.tick_update)
    timer_init                               0x00001c09   Thumb Code     4  tos_timer.o(.text.timer_init)
    timer_update                             0x00001cb9   Thumb Code   164  tos_timer.o(.text.timer_update)
    tos_cpu_clz                              0x00001d5d   Thumb Code    84  tos_cpu.o(.text.tos_cpu_clz)
    tos_cpu_cpsr_restore                     0x00001db1   Thumb Code     4  tos_cpu.o(.text.tos_cpu_cpsr_restore)
    tos_cpu_cpsr_save                        0x00001db5   Thumb Code     4  tos_cpu.o(.text.tos_cpu_cpsr_save)
    tos_knl_init                             0x00001db9   Thumb Code    44  tos_sys.o(.text.tos_knl_init)
    tos_knl_irq_enter                        0x00001de5   Thumb Code    32  tos_sys.o(.text.tos_knl_irq_enter)
    tos_knl_irq_leave                        0x00001dfd   Thumb Code    88  tos_sys.o(.text.tos_knl_irq_leave)
    tos_knl_is_running                       0x00001e41   Thumb Code    20  tos_sys.o(.text.tos_knl_is_running)
    tos_knl_sched_lock                       0x00001e51   Thumb Code    80  tos_sys.o(.text.tos_knl_sched_lock)
    tos_knl_sched_unlock                     0x00001e95   Thumb Code    72  tos_sys.o(.text.tos_knl_sched_unlock)
    tos_knl_start                            0x00001ed9   Thumb Code    52  tos_sys.o(.text.tos_knl_start)
    tos_mmheap_pool_add                      0x00001f09   Thumb Code    72  tos_mmheap.o(.text.tos_mmheap_pool_add)
    tos_task_create                          0x00001f51   Thumb Code   204  tos_task.o(.text.tos_task_create)
    tos_task_delay                           0x00002015   Thumb Code   100  tos_task.o(.text.tos_task_delay)
    tos_task_destroy                         0x00002071   Thumb Code   160  tos_task.o(.text.tos_task_destroy)
    tos_task_prio_change                     0x00002111   Thumb Code   192  tos_task.o(.text.tos_task_prio_change)
    tos_task_yield                           0x000021d1   Thumb Code    48  tos_task.o(.text.tos_task_yield)
    tos_tick_handler                         0x000021fd   Thumb Code    40  tos_tick.o(.text.tos_tick_handler)
    gau32ClkSrcTbl                           0x00002280   Data          32  system_m251.o(.rodata.gau32ClkSrcTbl)
    k_idle_task_stk_addr                     0x000022a0   Data           4  tos_global.o(.rodata.k_idle_task_stk_addr)
    k_idle_task_stk_size                     0x000022a4   Data           4  tos_global.o(.rodata.k_idle_task_stk_size)
    Region$$Table$$Base                      0x000022ec   Number         0  anon$$obj.o(Region$$Table)
    Region$$Table$$Limit                     0x0000230c   Number         0  anon$$obj.o(Region$$Table)
    SystemCoreClock                          0x20000000   Data           4  system_m251.o(.data..L_MergedGlobals)
    CyclesPerUs                              0x20000004   Data           4  system_m251.o(.data..L_MergedGlobals)
    PllClock                                 0x20000008   Data           4  system_m251.o(.data..L_MergedGlobals)
    k_cpu_tick_per_second                    0x20000010   Data           8  tos_global.o(.data.k_cpu_tick_per_second)
    k_msg_freelist                           0x20000018   Data           8  tos_global.o(.data.k_msg_freelist)
    k_robin_default_timeslice                0x20000020   Data           4  tos_global.o(.data.k_robin_default_timeslice)
    k_robin_state                            0x20000024   Data           1  tos_global.o(.data.k_robin_state)
    k_tick_list                              0x20000028   Data           8  tos_global.o(.data.k_tick_list)
    k_timer_ctl                              0x20000030   Data          16  tos_global.o(.data.k_timer_ctl)
    __libspace_start                         0x20000040   Data          96  libspace.o(.bss)
    __temporary_stack_top$libspace           0x200000a0   Data           0  libspace.o(.bss)
    task1                                    0x200000a0   Data         104  main.o(.bss..L_MergedGlobals)
    task2                                    0x20000140   Data         104  main.o(.bss..L_MergedGlobals.4)
    __stdout                                 0x200001ac   Data          84  retarget.o(.bss.__stdout)
    adc_set                                  0x20000200   Data          16  temp_deal.o(.bss.adc_set)
    k_cpu_cycle_per_tick                     0x20000210   Data           4  tos_global.o(.bss.k_cpu_cycle_per_tick)
    k_curr_task                              0x20000214   Data           4  tos_global.o(.bss.k_curr_task)
    k_idle_task                              0x20000218   Data         104  tos_global.o(.bss.k_idle_task)
    k_idle_task_stk                          0x20000280   Data         128  tos_global.o(.bss.k_idle_task_stk)
    k_irq_nest_cnt                           0x20000300   Data           1  tos_global.o(.bss.k_irq_nest_cnt)
    k_knl_state                              0x20000301   Data           1  tos_global.o(.bss.k_knl_state)
    k_mmheap_ctl                             0x20000304   Data        3188  tos_global.o(.bss.k_mmheap_ctl)
    k_mmheap_pool                            0x20000f78   Data         256  tos_global.o(.bss.k_mmheap_pool)
    k_msg_pool                               0x20001078   Data         160  tos_global.o(.bss.k_msg_pool)
    k_next_task                              0x20001118   Data           4  tos_global.o(.bss.k_next_task)
    k_rdyq                                   0x2000111c   Data          88  tos_global.o(.bss.k_rdyq)
    k_sched_lock_nest_cnt                    0x20001174   Data           1  tos_global.o(.bss.k_sched_lock_nest_cnt)
    k_tick_count                             0x20001178   Data           8  tos_global.o(.bss.k_tick_count)
    task1_stack                              0x20001180   Data         640  main.o(.bss.task1_stack)
    task2_stack                              0x20001400   Data         640  main.o(.bss.task2_stack)



==============================================================================

Memory Map of the image

  Image Entry point : 0x00000141

  Load Region LR_IROM1 (Base: 0x00000000, Size: 0x00002350, Max: 0x00040000, ABSOLUTE)

    Execution Region ER_IROM1 (Exec base: 0x00000000, Load base: 0x00000000, Size: 0x0000230c, Max: 0x00040000, ABSOLUTE)

    Exec Addr    Load Addr    Size         Type   Attr      Idx    E Section Name        Object

    0x00000000   0x00000000   0x00000140   Data   RO           24    RESET               startup_m251.o
    0x00000140   0x00000140   0x00000008   Code   RO         1272  * !!!main             c_p.l(__main.o)
    0x00000148   0x00000148   0x0000003c   Code   RO         1524    !!!scatter          c_p.l(__scatter.o)
    0x00000184   0x00000184   0x0000001a   Code   RO         1526    !!handler_copy      c_p.l(__scatter_copy.o)
    0x0000019e   0x0000019e   0x00000002   PAD
    0x000001a0   0x000001a0   0x0000001c   Code   RO         1528    !!handler_zi        c_p.l(__scatter_zi.o)
    0x000001bc   0x000001bc   0x00000002   Code   RO         1261    .ARM.Collect$$_printf_percent$$00000000  c_p.l(_printf_percent.o)
    0x000001be   0x000001be   0x0000000a   Code   RO         1260    .ARM.Collect$$_printf_percent$$00000009  c_p.l(_printf_d.o)
    0x000001c8   0x000001c8   0x0000000a   Code   RO         1259    .ARM.Collect$$_printf_percent$$0000000C  c_p.l(_printf_x.o)
    0x000001d2   0x000001d2   0x0000000a   Code   RO         1258    .ARM.Collect$$_printf_percent$$00000014  c_p.l(_printf_s.o)
    0x000001dc   0x000001dc   0x00000004   Code   RO         1328    .ARM.Collect$$_printf_percent$$00000017  c_p.l(_printf_percent_end.o)
    0x000001e0   0x000001e0   0x00000002   Code   RO         1383    .ARM.Collect$$libinit$$00000000  c_p.l(libinit.o)
    0x000001e2   0x000001e2   0x00000000   Code   RO         1403    .ARM.Collect$$libinit$$00000002  c_p.l(libinit2.o)
    0x000001e2   0x000001e2   0x00000000   Code   RO         1405    .ARM.Collect$$libinit$$00000004  c_p.l(libinit2.o)
    0x000001e2   0x000001e2   0x00000000   Code   RO         1408    .ARM.Collect$$libinit$$0000000A  c_p.l(libinit2.o)
    0x000001e2   0x000001e2   0x00000000   Code   RO         1410    .ARM.Collect$$libinit$$0000000C  c_p.l(libinit2.o)
    0x000001e2   0x000001e2   0x00000000   Code   RO         1412    .ARM.Collect$$libinit$$0000000E  c_p.l(libinit2.o)
    0x000001e2   0x000001e2   0x00000000   Code   RO         1415    .ARM.Collect$$libinit$$00000011  c_p.l(libinit2.o)
    0x000001e2   0x000001e2   0x00000000   Code   RO         1417    .ARM.Collect$$libinit$$00000013  c_p.l(libinit2.o)
    0x000001e2   0x000001e2   0x00000000   Code   RO         1419    .ARM.Collect$$libinit$$00000015  c_p.l(libinit2.o)
    0x000001e2   0x000001e2   0x00000000   Code   RO         1421    .ARM.Collect$$libinit$$00000017  c_p.l(libinit2.o)
    0x000001e2   0x000001e2   0x00000000   Code   RO         1423    .ARM.Collect$$libinit$$00000019  c_p.l(libinit2.o)
    0x000001e2   0x000001e2   0x00000000   Code   RO         1425    .ARM.Collect$$libinit$$0000001B  c_p.l(libinit2.o)
    0x000001e2   0x000001e2   0x00000000   Code   RO         1427    .ARM.Collect$$libinit$$0000001D  c_p.l(libinit2.o)
    0x000001e2   0x000001e2   0x00000000   Code   RO         1429    .ARM.Collect$$libinit$$0000001F  c_p.l(libinit2.o)
    0x000001e2   0x000001e2   0x00000000   Code   RO         1431    .ARM.Collect$$libinit$$00000021  c_p.l(libinit2.o)
    0x000001e2   0x000001e2   0x00000000   Code   RO         1433    .ARM.Collect$$libinit$$00000023  c_p.l(libinit2.o)
    0x000001e2   0x000001e2   0x00000000   Code   RO         1435    .ARM.Collect$$libinit$$00000025  c_p.l(libinit2.o)
    0x000001e2   0x000001e2   0x00000000   Code   RO         1439    .ARM.Collect$$libinit$$0000002C  c_p.l(libinit2.o)
    0x000001e2   0x000001e2   0x00000000   Code   RO         1441    .ARM.Collect$$libinit$$0000002E  c_p.l(libinit2.o)
    0x000001e2   0x000001e2   0x00000000   Code   RO         1443    .ARM.Collect$$libinit$$00000030  c_p.l(libinit2.o)
    0x000001e2   0x000001e2   0x00000000   Code   RO         1445    .ARM.Collect$$libinit$$00000032  c_p.l(libinit2.o)
    0x000001e2   0x000001e2   0x00000002   Code   RO         1446    .ARM.Collect$$libinit$$00000033  c_p.l(libinit2.o)
    0x000001e4   0x000001e4   0x00000002   Code   RO         1479    .ARM.Collect$$libshutdown$$00000000  c_p.l(libshutdown.o)
    0x000001e6   0x000001e6   0x00000000   Code   RO         1507    .ARM.Collect$$libshutdown$$00000002  c_p.l(libshutdown2.o)
    0x000001e6   0x000001e6   0x00000000   Code   RO         1509    .ARM.Collect$$libshutdown$$00000004  c_p.l(libshutdown2.o)
    0x000001e6   0x000001e6   0x00000000   Code   RO         1512    .ARM.Collect$$libshutdown$$00000007  c_p.l(libshutdown2.o)
    0x000001e6   0x000001e6   0x00000000   Code   RO         1515    .ARM.Collect$$libshutdown$$0000000A  c_p.l(libshutdown2.o)
    0x000001e6   0x000001e6   0x00000000   Code   RO         1517    .ARM.Collect$$libshutdown$$0000000C  c_p.l(libshutdown2.o)
    0x000001e6   0x000001e6   0x00000000   Code   RO         1520    .ARM.Collect$$libshutdown$$0000000F  c_p.l(libshutdown2.o)
    0x000001e6   0x000001e6   0x00000002   Code   RO         1521    .ARM.Collect$$libshutdown$$00000010  c_p.l(libshutdown2.o)
    0x000001e8   0x000001e8   0x00000000   Code   RO         1317    .ARM.Collect$$rtentry$$00000000  c_p.l(__rtentry.o)
    0x000001e8   0x000001e8   0x00000000   Code   RO         1345    .ARM.Collect$$rtentry$$00000002  c_p.l(__rtentry2.o)
    0x000001e8   0x000001e8   0x00000006   Code   RO         1357    .ARM.Collect$$rtentry$$00000004  c_p.l(__rtentry4.o)
    0x000001ee   0x000001ee   0x00000000   Code   RO         1347    .ARM.Collect$$rtentry$$00000009  c_p.l(__rtentry2.o)
    0x000001ee   0x000001ee   0x00000004   Code   RO         1348    .ARM.Collect$$rtentry$$0000000A  c_p.l(__rtentry2.o)
    0x000001f2   0x000001f2   0x00000000   Code   RO         1350    .ARM.Collect$$rtentry$$0000000C  c_p.l(__rtentry2.o)
    0x000001f2   0x000001f2   0x00000008   Code   RO         1351    .ARM.Collect$$rtentry$$0000000D  c_p.l(__rtentry2.o)
    0x000001fa   0x000001fa   0x00000002   Code   RO         1394    .ARM.Collect$$rtexit$$00000000  c_p.l(rtexit.o)
    0x000001fc   0x000001fc   0x00000000   Code   RO         1454    .ARM.Collect$$rtexit$$00000002  c_p.l(rtexit2.o)
    0x000001fc   0x000001fc   0x00000004   Code   RO         1455    .ARM.Collect$$rtexit$$00000003  c_p.l(rtexit2.o)
    0x00000200   0x00000200   0x00000006   Code   RO         1456    .ARM.Collect$$rtexit$$00000004  c_p.l(rtexit2.o)
    0x00000206   0x00000206   0x00000002   PAD
    0x00000208   0x00000208   0x00000038   Code   RO         1264    .emb_text           c_p.l(rt_memcpy.o)
    0x00000240   0x00000240   0x0000008c   Code   RO           25    .text               startup_m251.o
    0x000002cc   0x000002cc   0x0000009c   Code   RO          420    .text               port_s.o
    0x00000368   0x00000368   0x00000102   Code   RO         1205    .text               c_p.l(lludiv.o)
    0x0000046a   0x0000046a   0x00000002   PAD
    0x0000046c   0x0000046c   0x0000001c   Code   RO         1209    .text               c_p.l(noretval__2printf.o)
    0x00000488   0x00000488   0x0000006c   Code   RO         1211    .text               c_p.l(__printf.o)
    0x000004f4   0x000004f4   0x00000052   Code   RO         1213    .text               c_p.l(_printf_str.o)
    0x00000546   0x00000546   0x00000002   PAD
    0x00000548   0x00000548   0x0000006c   Code   RO         1215    .text               c_p.l(_printf_dec.o)
    0x000005b4   0x000005b4   0x00000058   Code   RO         1220    .text               c_p.l(_printf_hex_int.o)
    0x0000060c   0x0000060c   0x0000002c   Code   RO         1262    .text               c_p.l(puts.o)
    0x00000638   0x00000638   0x00000082   Code   RO         1265    .text               c_p.l(rt_memcpy.o)
    0x000006ba   0x000006ba   0x00000006   Code   RO         1270    .text               c_p.l(heapauxi.o)
    0x000006c0   0x000006c0   0x000000b0   Code   RO         1322    .text               c_p.l(_printf_intcommon.o)
    0x00000770   0x00000770   0x0000002e   Code   RO         1324    .text               c_p.l(_printf_char.o)
    0x0000079e   0x0000079e   0x00000002   PAD
    0x000007a0   0x000007a0   0x00000028   Code   RO         1326    .text               c_p.l(_printf_char_file.o)
    0x000007c8   0x000007c8   0x00000028   Code   RO         1329    .text               c_p.l(rtudiv10.o)
    0x000007f0   0x000007f0   0x00000030   Code   RO         1361    .text               c_p.l(_printf_char_common.o)
    0x00000820   0x00000820   0x0000003e   Code   RO         1367    .text               c_p.l(sys_stackheap_outer.o)
    0x0000085e   0x0000085e   0x00000010   Code   RO         1372    .text               c_p.l(exit.o)
    0x0000086e   0x0000086e   0x00000002   PAD
    0x00000870   0x00000870   0x00000008   Code   RO         1390    .text               c_p.l(libspace.o)
    0x00000878   0x00000878   0x0000000c   Code   RO         1449    .text               c_p.l(sys_exit.o)
    0x00000884   0x00000884   0x00000002   Code   RO         1468    .text               c_p.l(use_no_semi.o)
    0x00000886   0x00000886   0x00000000   Code   RO         1470    .text               c_p.l(indicate_semi.o)
    0x00000886   0x00000886   0x00000002   PAD
    0x00000888   0x00000888   0x00000060   Code   RO          958    .text.ADC_Init      adc.o
    0x000008e8   0x000008e8   0x00000006   Code   RO         1007    .text.AD_fun_Init   temp_deal.o
    0x000008ee   0x000008ee   0x00000002   PAD
    0x000008f0   0x000008f0   0x00000024   Code   RO           72    .text.CLK_EnableModuleClock  clk.o
    0x00000914   0x00000914   0x0000020c   Code   RO           56    .text.CLK_EnablePLL  clk.o
    0x00000b20   0x00000b20   0x0000000c   Code   RO           68    .text.CLK_EnableXtalRC  clk.o
    0x00000b2c   0x00000b2c   0x00000068   Code   RO           44    .text.CLK_GetPCLK0Freq  clk.o
    0x00000b94   0x00000b94   0x00000070   Code   RO           46    .text.CLK_GetPCLK1Freq  clk.o
    0x00000c04   0x00000c04   0x00000060   Code   RO           52    .text.CLK_GetPLLClockFreq  clk.o
    0x00000c64   0x00000c64   0x00000080   Code   RO           62    .text.CLK_SetCoreClock  clk.o
    0x00000ce4   0x00000ce4   0x00000050   Code   RO           60    .text.CLK_SetHCLK   clk.o
    0x00000d34   0x00000d34   0x0000006c   Code   RO           64    .text.CLK_SetModuleClock  clk.o
    0x00000da0   0x00000da0   0x00000048   Code   RO          976    .text.DWT_DELAY_uS  dwt_delay.o
    0x00000de8   0x00000de8   0x00000028   Code   RO          974    .text.DWT_INIT      dwt_delay.o
    0x00000e10   0x00000e10   0x00000020   Code   RO          249    .text.EADC_ConfigSampleModule  eadc.o
    0x00000e30   0x00000e30   0x00000016   Code   RO          245    .text.EADC_Open     eadc.o
    0x00000e46   0x00000e46   0x00000002   PAD
    0x00000e48   0x00000e48   0x00000048   Code   RO          960    .text.EADC_READ     adc.o
    0x00000e90   0x00000e90   0x0000001c   Code   RO          253    .text.EADC_SetExtendSampleTime  eadc.o
    0x00000eac   0x00000eac   0x00000074   Code   RO         1013    .text.Fan_Temp_Deal  temp_deal.o
    0x00000f20   0x00000f20   0x00000014   Code   RO          121    .text.GetChar       retarget.o
    0x00000f34   0x00000f34   0x000000d8   Code   RO          115    .text.ProcessHardFault  retarget.o
    0x0000100c   0x0000100c   0x00000004   Code   RO          113    .text.SH_Return     retarget.o
    0x00001010   0x00001010   0x00000068   Code   RO          303    .text.SYS_Init      main.o
    0x00001078   0x00001078   0x00000024   Code   RO          226    .text.SYS_ResetModule  sys.o
    0x0000109c   0x0000109c   0x00000028   Code   RO         1011    .text.Seat_temp_deal  temp_deal.o
    0x000010c4   0x000010c4   0x00000004   Code   RO          119    .text.SendChar      retarget.o
    0x000010c8   0x000010c8   0x00000020   Code   RO          117    .text.SendChar_ToUART  retarget.o
    0x000010e8   0x000010e8   0x00000018   Code   RO            8    .text.SysTick_Handler  system_m251.o
    0x00001100   0x00001100   0x0000004c   Code   RO            2    .text.SystemCoreClockUpdate  system_m251.o
    0x0000114c   0x0000114c   0x00000028   Code   RO            4    .text.SystemInit    system_m251.o
    0x00001174   0x00001174   0x0000000c   Code   RO          313    .text.TMR0_IRQHandler  main.o
    0x00001180   0x00001180   0x0000000c   Code   RO          315    .text.TMR1_IRQHandler  main.o
    0x0000118c   0x0000118c   0x00000018   Code   RO         1050    .text.Toilet_driver_init  control_center.o
    0x000011a4   0x000011a4   0x00000018   Code   RO          305    .text.UART0_Init    main.o
    0x000011bc   0x000011bc   0x000000e4   Code   RO          161    .text.UART_Open     uart.o
    0x000012a0   0x000012a0   0x00000020   Code   RO            6    .text.Uart0DefaultMPF  system_m251.o
    0x000012c0   0x000012c0   0x00000044   Code   RO          550    .text.blk_insert    tos_mmheap.o
    0x00001304   0x00001304   0x00000004   Code   RO          394    .text.cpu_context_switch  tos_cpu.o
    0x00001308   0x00001308   0x00000024   Code   RO          386    .text.cpu_init      tos_cpu.o
    0x0000132c   0x0000132c   0x00000004   Code   RO          396    .text.cpu_irq_context_switch  tos_cpu.o
    0x00001330   0x00001330   0x00000006   Code   RO          392    .text.cpu_sched_start  tos_cpu.o
    0x00001336   0x00001336   0x00000012   Code   RO          388    .text.cpu_systick_init  tos_cpu.o
    0x00001348   0x00001348   0x00000090   Code   RO          398    .text.cpu_task_stk_init  tos_cpu.o
    0x000013d8   0x000013d8   0x00000006   Code   RO          133    .text.ferror        retarget.o
    0x000013de   0x000013de   0x0000000c   Code   RO          129    .text.fputc         retarget.o
    0x000013ea   0x000013ea   0x0000004c   Code   RO          562    .text.generic_fls   tos_mmheap.o
    0x00001436   0x00001436   0x00000002   Code   RO          796    .text.knl_idle_entry  tos_sys.o
    0x00001438   0x00001438   0x00000040   Code   RO          772    .text.knl_idle_init  tos_sys.o
    0x00001478   0x00001478   0x00000010   Code   RO          794    .text.knl_is_idle   tos_sys.o
    0x00001488   0x00001488   0x0000000c   Code   RO          780    .text.knl_is_inirq  tos_sys.o
    0x00001494   0x00001494   0x0000000c   Code   RO          782    .text.knl_is_sched_locked  tos_sys.o
    0x000014a0   0x000014a0   0x00000010   Code   RO          784    .text.knl_is_self   tos_sys.o
    0x000014b0   0x000014b0   0x00000040   Code   RO          790    .text.knl_sched     tos_sys.o
    0x000014f0   0x000014f0   0x000000f8   Code   RO          311    .text.main          main.o
    0x000015e8   0x000015e8   0x00000028   Code   RO          558    .text.mapping_insert  tos_mmheap.o
    0x00001610   0x00001610   0x00000038   Code   RO          528    .text.mmheap_init   tos_mmheap.o
    0x00001648   0x00001648   0x00000028   Code   RO          583    .text.msgpool_init  tos_msg.o
    0x00001670   0x00001670   0x0000003a   Code   RO          610    .text.mutex_old_owner_release  tos_mutex.o
    0x000016aa   0x000016aa   0x00000012   Code   RO          608    .text.mutex_release  tos_mutex.o
    0x000016bc   0x000016bc   0x00000012   Code   RO          633    .text.pend_highest_prio_get  tos_pend.o
    0x000016ce   0x000016ce   0x00000036   Code   RO          645    .text.pend_list_add  tos_pend.o
    0x00001704   0x00001704   0x0000000e   Code   RO          643    .text.pend_list_adjust  tos_pend.o
    0x00001712   0x00001712   0x00000016   Code   RO          635    .text.pend_list_remove  tos_pend.o
    0x00001728   0x00001728   0x0000003c   Code   RO          651    .text.pend_task_wakeup  tos_pend.o
    0x00001764   0x00001764   0x0000001e   Code   RO          657    .text.pend_wakeup_all  tos_pend.o
    0x00001782   0x00001782   0x00000002   PAD
    0x00001784   0x00001784   0x0000002c   Code   RO          361    .text.port_systick_config  port_c.o
    0x000017b0   0x000017b0   0x00000018   Code   RO          363    .text.port_systick_priority_set  port_c.o
    0x000017c8   0x000017c8   0x00000018   Code   RO          730    .text.readyqueue_add  tos_sched.o
    0x000017e0   0x000017e0   0x00000028   Code   RO          724    .text.readyqueue_add_head  tos_sched.o
    0x00001808   0x00001808   0x00000028   Code   RO          728    .text.readyqueue_add_tail  tos_sched.o
    0x00001830   0x00001830   0x00000018   Code   RO          716    .text.readyqueue_first_task_get  tos_sched.o
    0x00001848   0x00001848   0x00000010   Code   RO          718    .text.readyqueue_highest_ready_task_get  tos_sched.o
    0x00001858   0x00001858   0x00000020   Code   RO          720    .text.readyqueue_init  tos_sched.o
    0x00001878   0x00001878   0x00000014   Code   RO          714    .text.readyqueue_is_prio_onlyone  tos_sched.o
    0x0000188c   0x0000188c   0x00000024   Code   RO          734    .text.readyqueue_move_head_to_tail  tos_sched.o
    0x000018b0   0x000018b0   0x00000028   Code   RO          726    .text.readyqueue_prio_mark  tos_sched.o
    0x000018d8   0x000018d8   0x00000058   Code   RO          732    .text.readyqueue_remove  tos_sched.o
    0x00001930   0x00001930   0x00000078   Code   RO          701    .text.robin_sched   tos_robin.o
    0x000019a8   0x000019a8   0x00000020   Code   RO          307    .text.task1_fun     main.o
    0x000019c8   0x000019c8   0x0000001c   Code   RO          309    .text.task2_task    main.o
    0x000019e4   0x000019e4   0x00000006   Code   RO          813    .text.task_exit     tos_task.o
    0x000019ea   0x000019ea   0x0000002c   Code   RO          811    .text.task_reset    tos_task.o
    0x00001a16   0x00001a16   0x00000002   PAD
    0x00001a18   0x00001a18   0x000000d0   Code   RO          842    .text.tick_list_add  tos_tick.o
    0x00001ae8   0x00001ae8   0x00000090   Code   RO          844    .text.tick_list_remove  tos_tick.o
    0x00001b78   0x00001b78   0x00000090   Code   RO          846    .text.tick_update   tos_tick.o
    0x00001c08   0x00001c08   0x00000004   Code   RO          902    .text.timer_init    tos_timer.o
    0x00001c0c   0x00001c0c   0x00000074   Code   RO          894    .text.timer_place   tos_timer.o
    0x00001c80   0x00001c80   0x00000038   Code   RO          890    .text.timer_takeoff  tos_timer.o
    0x00001cb8   0x00001cb8   0x000000a4   Code   RO          900    .text.timer_update  tos_timer.o
    0x00001d5c   0x00001d5c   0x00000054   Code   RO          376    .text.tos_cpu_clz   tos_cpu.o
    0x00001db0   0x00001db0   0x00000004   Code   RO          384    .text.tos_cpu_cpsr_restore  tos_cpu.o
    0x00001db4   0x00001db4   0x00000004   Code   RO          382    .text.tos_cpu_cpsr_save  tos_cpu.o
    0x00001db8   0x00001db8   0x0000002c   Code   RO          770    .text.tos_knl_init  tos_sys.o
    0x00001de4   0x00001de4   0x00000018   Code   RO          774    .text.tos_knl_irq_enter  tos_sys.o
    0x00001dfc   0x00001dfc   0x00000044   Code   RO          778    .text.tos_knl_irq_leave  tos_sys.o
    0x00001e40   0x00001e40   0x00000010   Code   RO          776    .text.tos_knl_is_running  tos_sys.o
    0x00001e50   0x00001e50   0x00000044   Code   RO          786    .text.tos_knl_sched_lock  tos_sys.o
    0x00001e94   0x00001e94   0x00000044   Code   RO          788    .text.tos_knl_sched_unlock  tos_sys.o
    0x00001ed8   0x00001ed8   0x00000030   Code   RO          792    .text.tos_knl_start  tos_sys.o
    0x00001f08   0x00001f08   0x00000048   Code   RO          530    .text.tos_mmheap_pool_add  tos_mmheap.o
    0x00001f50   0x00001f50   0x000000c4   Code   RO          809    .text.tos_task_create  tos_task.o
    0x00002014   0x00002014   0x0000005c   Code   RO          825    .text.tos_task_delay  tos_task.o
    0x00002070   0x00002070   0x000000a0   Code   RO          815    .text.tos_task_destroy  tos_task.o
    0x00002110   0x00002110   0x000000c0   Code   RO          819    .text.tos_task_prio_change  tos_task.o
    0x000021d0   0x000021d0   0x0000002c   Code   RO          817    .text.tos_task_yield  tos_task.o
    0x000021fc   0x000021fc   0x00000028   Code   RO          850    .text.tos_tick_handler  tos_tick.o
    0x00002224   0x00002224   0x00000028   Data   RO         1221    .constdata          c_p.l(_printf_hex_int.o)
    0x0000224c   0x0000224c   0x0000000c   Data   RO          100    .rodata..LCLK_DisableModuleClock.au32ClkTbl  clk.o
    0x00002258   0x00002258   0x00000018   Data   RO          179    .rodata..LUART_SelectIrDAMode.au32ClkTbl  uart.o
    0x00002270   0x00002270   0x00000010   Data   RO          101    .rodata.cst16       clk.o
    0x00002280   0x00002280   0x00000020   Data   RO           10    .rodata.gau32ClkSrcTbl  system_m251.o
    0x000022a0   0x000022a0   0x00000004   Data   RO          485    .rodata.k_idle_task_stk_addr  tos_global.o
    0x000022a4   0x000022a4   0x00000004   Data   RO          486    .rodata.k_idle_task_stk_size  tos_global.o
    0x000022a8   0x000022a8   0x00000041   Data   RO          317    .rodata.str1.1      main.o
    0x000022e9   0x000022e9   0x00000003   PAD
    0x000022ec   0x000022ec   0x00000020   Data   RO         1522    Region$$Table       anon$$obj.o


    Execution Region RW_IRAM1 (Exec base: 0x20000000, Load base: 0x00002310, Size: 0x00001e80, Max: 0x00008000, ABSOLUTE)

    Exec Addr    Load Addr    Size         Type   Attr      Idx    E Section Name        Object

    0x20000000   0x00002310   0x0000000c   Data   RW           11    .data..L_MergedGlobals  system_m251.o
    0x2000000c   0x0000231c   0x00000004   Data   RW          135    .data.g_ICE_Conneced  retarget.o
    0x20000010   0x00002320   0x00000008   Data   RW          487    .data.k_cpu_tick_per_second  tos_global.o
    0x20000018   0x00002328   0x00000008   Data   RW          493    .data.k_msg_freelist  tos_global.o
    0x20000020   0x00002330   0x00000004   Data   RW          490    .data.k_robin_default_timeslice  tos_global.o
    0x20000024   0x00002334   0x00000001   Data   RW          491    .data.k_robin_state  tos_global.o
    0x20000025   0x00002335   0x00000003   PAD
    0x20000028   0x00002338   0x00000008   Data   RW          489    .data.k_tick_list   tos_global.o
    0x20000030   0x00002340   0x00000010   Data   RW          492    .data.k_timer_ctl   tos_global.o
    0x20000040        -       0x00000060   Zero   RW         1391    .bss                c_p.l(libspace.o)
    0x200000a0        -       0x00000068   Zero   RW          346    .bss..L_MergedGlobals  main.o
    0x20000108   0x00002350   0x00000008   PAD
    0x20000110        -       0x0000002c   Zero   RW         1020    .bss..L_MergedGlobals  temp_deal.o
    0x2000013c   0x00002350   0x00000004   PAD
    0x20000140        -       0x00000068   Zero   RW          347    .bss..L_MergedGlobals.4  main.o
    0x200001a8        -       0x00000004   Zero   RW          978    .bss.SYSCLK         dwt_delay.o
    0x200001ac        -       0x00000054   Zero   RW          136    .bss.__stdout       retarget.o
    0x20000200        -       0x00000010   Zero   RW         1019    .bss.adc_set        temp_deal.o
    0x20000210        -       0x00000004   Zero   RW          488    .bss.k_cpu_cycle_per_tick  tos_global.o
    0x20000214        -       0x00000004   Zero   RW          482    .bss.k_curr_task    tos_global.o
    0x20000218        -       0x00000068   Zero   RW          495    .bss.k_idle_task    tos_global.o
    0x20000280        -       0x00000080   Zero   RW          484    .bss.k_idle_task_stk  tos_global.o
    0x20000300        -       0x00000001   Zero   RW          478    .bss.k_irq_nest_cnt  tos_global.o
    0x20000301        -       0x00000001   Zero   RW          480    .bss.k_knl_state    tos_global.o
    0x20000302   0x00002350   0x00000002   PAD
    0x20000304        -       0x00000c74   Zero   RW          497    .bss.k_mmheap_ctl   tos_global.o
    0x20000f78        -       0x00000100   Zero   RW          496    .bss.k_mmheap_pool  tos_global.o
    0x20001078        -       0x000000a0   Zero   RW          498    .bss.k_msg_pool     tos_global.o
    0x20001118        -       0x00000004   Zero   RW          483    .bss.k_next_task    tos_global.o
    0x2000111c        -       0x00000058   Zero   RW          494    .bss.k_rdyq         tos_global.o
    0x20001174        -       0x00000001   Zero   RW          479    .bss.k_sched_lock_nest_cnt  tos_global.o
    0x20001175   0x00002350   0x00000003   PAD
    0x20001178        -       0x00000008   Zero   RW          481    .bss.k_tick_count   tos_global.o
    0x20001180        -       0x00000280   Zero   RW          318    .bss.task1_stack    main.o
    0x20001400        -       0x00000280   Zero   RW          319    .bss.task2_stack    main.o
    0x20001680        -       0x00000000   Zero   RW           23    HEAP                startup_m251.o
    0x20001680        -       0x00000800   Zero   RW           22    STACK               startup_m251.o


==============================================================================

Image component sizes


      Code (inc. data)   RO Data    RW Data    ZI Data      Debug   Object Name

       168         16          0          0          0       3541   adc.o
      1200        132         28          0          0      11871   clk.o
        24         12          0          0          0        733   control_center.o
       112         12          0          0          4       1104   dwt_delay.o
        82          4          0          0          0       2541   eadc.o
       460        132         65          0       1488      16278   main.o
        68         12          0          0          0       3623   port_c.o
       156         24          0          0          0        308   port_s.o
       294        124          0          4         84       3796   retarget.o
       140         44        320          0       2048        796   startup_m251.o
        36          4          0          0          0       3526   sys.o
       172         36         32         12          0       4318   system_m251.o
       162         28          0          0         60       2904   temp_deal.o
       304         60          0          0          0       5368   tos_cpu.o
         0          0          8         45       3947       4940   tos_global.o
       312          8          0          0          0      16522   tos_mmheap.o
        40          8          0          0          0       6766   tos_msg.o
        76          0          0          0          0       7855   tos_mutex.o
       198          0          0          0          0       9033   tos_pend.o
       120         12          0          0          0       3754   tos_robin.o
       360          8          0          0          0       7244   tos_sched.o
       522         64          0          0          0       7256   tos_sys.o
       734         24          0          0          0      10473   tos_task.o
       536          8          0          0          0       7533   tos_tick.o
       340          8          0          0          0       7113   tos_timer.o
       228         24         24          0          0       6381   uart.o

    ----------------------------------------------------------------------
      6852        804        512         64       7648     155577   Object Totals
         0          0         32          0          0          0   (incl. Generated)
         8          0          3          3         17          0   (incl. Padding)

    ----------------------------------------------------------------------

      Code (inc. data)   RO Data    RW Data    ZI Data      Debug   Library Member Name

         8          0          0          0          0         68   __main.o
       108          0          0          0          0         76   __printf.o
         0          0          0          0          0          0   __rtentry.o
        12          0          0          0          0          0   __rtentry2.o
         6          0          0          0          0          0   __rtentry4.o
        60          8          0          0          0          0   __scatter.o
        26          0          0          0          0          0   __scatter_copy.o
        28          0          0          0          0          0   __scatter_zi.o
        46          0          0          0          0        100   _printf_char.o
        48          6          0          0          0         88   _printf_char_common.o
        40          6          0          0          0         72   _printf_char_file.o
        10          0          0          0          0          0   _printf_d.o
       108         18          0          0          0         76   _printf_dec.o
        88          4         40          0          0         72   _printf_hex_int.o
       176          0          0          0          0         84   _printf_intcommon.o
         2          0          0          0          0          0   _printf_percent.o
         4          0          0          0          0          0   _printf_percent_end.o
        10          0          0          0          0          0   _printf_s.o
        82          0          0          0          0         72   _printf_str.o
        10          0          0          0          0          0   _printf_x.o
        16          0          0          0          0         68   exit.o
         6          0          0          0          0        136   heapauxi.o
         0          0          0          0          0          0   indicate_semi.o
         2          0          0          0          0          0   libinit.o
         2          0          0          0          0          0   libinit2.o
         2          0          0          0          0          0   libshutdown.o
         2          0          0          0          0          0   libshutdown2.o
         8          4          0          0         96         68   libspace.o
       258          0          0          0          0         88   lludiv.o
        28          6          0          0          0         84   noretval__2printf.o
        44          6          0          0          0         68   puts.o
       186          0          0          0          0        144   rt_memcpy.o
         2          0          0          0          0          0   rtexit.o
        10          0          0          0          0          0   rtexit2.o
        40          0          0          0          0         60   rtudiv10.o
        12          4          0          0          0         60   sys_exit.o
        62          0          0          0          0         80   sys_stackheap_outer.o
         2          0          0          0          0         68   use_no_semi.o

    ----------------------------------------------------------------------
      1568         62         40          0         96       1632   Library Totals
        14          0          0          0          0          0   (incl. Padding)

    ----------------------------------------------------------------------

      Code (inc. data)   RO Data    RW Data    ZI Data      Debug   Library Name

      1554         62         40          0         96       1632   c_p.l

    ----------------------------------------------------------------------
      1568         62         40          0         96       1632   Library Totals

    ----------------------------------------------------------------------

==============================================================================


      Code (inc. data)   RO Data    RW Data    ZI Data      Debug   

      8420        866        552         64       7744     156141   Grand Totals
      8420        866        552         64       7744     156141   ELF Image Totals
      8420        866        552         64          0          0   ROM Totals

==============================================================================

    Total RO  Size (Code + RO Data)                 8972 (   8.76kB)
    Total RW  Size (RW Data + ZI Data)              7808 (   7.63kB)
    Total ROM Size (Code + RO Data + RW Data)       9036 (   8.82kB)

==============================================================================

